2025-11-29T16:43:49.9621350Z Current runner version: '2.329.0'
2025-11-29T16:43:49.9647190Z ##[group]Runner Image Provisioner
2025-11-29T16:43:49.9647952Z Hosted Compute Agent
2025-11-29T16:43:49.9648513Z Version: 20251016.436
2025-11-29T16:43:49.9649200Z Commit: 8ab8ac8bfd662a3739dab9fe09456aba92132568
2025-11-29T16:43:49.9649861Z Build Date: 2025-10-15T20:44:12Z
2025-11-29T16:43:49.9650734Z ##[endgroup]
2025-11-29T16:43:49.9651286Z ##[group]Operating System
2025-11-29T16:43:49.9651871Z Ubuntu
2025-11-29T16:43:49.9652337Z 24.04.3
2025-11-29T16:43:49.9652791Z LTS
2025-11-29T16:43:49.9653276Z ##[endgroup]
2025-11-29T16:43:49.9653732Z ##[group]Runner Image
2025-11-29T16:43:49.9654335Z Image: ubuntu-24.04
2025-11-29T16:43:49.9654860Z Version: 20251112.124.1
2025-11-29T16:43:49.9655833Z Included Software: https://github.com/actions/runner-images/blob/ubuntu24/20251112.124/images/ubuntu/Ubuntu2404-Readme.md
2025-11-29T16:43:49.9657438Z Image Release: https://github.com/actions/runner-images/releases/tag/ubuntu24%2F20251112.124
2025-11-29T16:43:49.9658483Z ##[endgroup]
2025-11-29T16:43:49.9659504Z ##[group]GITHUB_TOKEN Permissions
2025-11-29T16:43:49.9661433Z Contents: read
2025-11-29T16:43:49.9662053Z Metadata: read
2025-11-29T16:43:49.9662531Z ##[endgroup]
2025-11-29T16:43:49.9664621Z Secret source: Actions
2025-11-29T16:43:49.9665374Z Prepare workflow directory
2025-11-29T16:43:50.0073746Z Prepare all required actions
2025-11-29T16:43:50.0128903Z Getting action download info
2025-11-29T16:43:50.3102681Z Download action repository 'actions/checkout@v4' (SHA:34e114876b0b11c390a56381ad16ebd13914f8d5)
2025-11-29T16:43:50.7066463Z Download action repository 'actions/setup-node@v4' (SHA:49933ea5288caeca8642d1e84afbd3f7d6820020)
2025-11-29T16:43:50.7967098Z Download action repository 'Azure/static-web-apps-deploy@v1' (SHA:4d27395796ac319302594769cfe812bd207490b1)
2025-11-29T16:43:51.3088642Z Complete job name: Deploy Frontend
2025-11-29T16:43:51.3557648Z ##[group]Build container for action use: '/home/runner/work/_actions/Azure/static-web-apps-deploy/v1/Dockerfile'.
2025-11-29T16:43:51.3609592Z ##[command]/usr/bin/docker build -t 606911:a5f8cc86273041719d6a7f4cda7e9e4a -f "/home/runner/work/_actions/Azure/static-web-apps-deploy/v1/Dockerfile" "/home/runner/work/_actions/Azure/static-web-apps-deploy/v1"
2025-11-29T16:43:53.5514301Z #0 building with "default" instance using docker driver
2025-11-29T16:43:53.5514812Z 
2025-11-29T16:43:53.5515026Z #1 [internal] load build definition from Dockerfile
2025-11-29T16:43:53.5515508Z #1 transferring dockerfile: 160B done
2025-11-29T16:43:53.5515924Z #1 DONE 0.0s
2025-11-29T16:43:53.5516100Z 
2025-11-29T16:43:53.5516445Z #2 [internal] load metadata for mcr.microsoft.com/appsvc/staticappsclient:stable
2025-11-29T16:43:53.5624878Z #2 DONE 0.2s
2025-11-29T16:43:53.6816606Z 
2025-11-29T16:43:53.6819803Z #3 [internal] load .dockerignore
2025-11-29T16:43:53.6820716Z #3 transferring context: 2B done
2025-11-29T16:43:53.6821209Z #3 DONE 0.0s
2025-11-29T16:43:53.6824902Z 
2025-11-29T16:43:53.6825099Z #4 [internal] load build context
2025-11-29T16:43:53.6825612Z #4 transferring context: 107B done
2025-11-29T16:43:53.6826081Z #4 DONE 0.0s
2025-11-29T16:43:53.6826297Z 
2025-11-29T16:43:53.6827032Z #5 [1/2] FROM mcr.microsoft.com/appsvc/staticappsclient:stable@sha256:3178a283e885dc45a0c7b4c6e9f728f0331ae7fb93de75db4181fa38651170f2
2025-11-29T16:43:53.6830228Z #5 resolve mcr.microsoft.com/appsvc/staticappsclient:stable@sha256:3178a283e885dc45a0c7b4c6e9f728f0331ae7fb93de75db4181fa38651170f2 done
2025-11-29T16:43:53.6832479Z #5 sha256:2377065f3b700cf1b5e391d26c572c8b91892dd44acd75deebdab5e403b23175 11.53MB / 15.56MB 0.1s
2025-11-29T16:43:53.6833619Z #5 sha256:1df8e0748f30e89b0c0477edfc706fc39242e1d6008433c0494113de267e7ca8 15.34kB / 15.34kB done
2025-11-29T16:43:53.6836431Z #5 sha256:5ee26b7a209f9a26720207792b237af3e19c0efeed8695e1e630fcd0feef9230 5.24MB / 54.75MB 0.1s
2025-11-29T16:43:53.6837651Z #5 sha256:3178a283e885dc45a0c7b4c6e9f728f0331ae7fb93de75db4181fa38651170f2 2.88kB / 2.88kB done
2025-11-29T16:43:53.6841592Z #5 sha256:5d6e107a26c2ffb6e234f04132358dea70a691a64c1152f984d2f2ba0e218c58 22.02MB / 53.74MB 0.1s
2025-11-29T16:43:53.7871052Z #5 sha256:2377065f3b700cf1b5e391d26c572c8b91892dd44acd75deebdab5e403b23175 15.56MB / 15.56MB 0.1s done
2025-11-29T16:43:53.7874475Z #5 sha256:5ee26b7a209f9a26720207792b237af3e19c0efeed8695e1e630fcd0feef9230 32.51MB / 54.75MB 0.2s
2025-11-29T16:43:53.7875747Z #5 sha256:5d6e107a26c2ffb6e234f04132358dea70a691a64c1152f984d2f2ba0e218c58 53.74MB / 53.74MB 0.2s
2025-11-29T16:43:53.7876947Z #5 sha256:41c7cd6fb37363fd1ec16dad3463ecc5820eda12c418a82b4849604252d29b88 18.87MB / 197.07MB 0.2s
2025-11-29T16:43:53.9826056Z #5 sha256:5ee26b7a209f9a26720207792b237af3e19c0efeed8695e1e630fcd0feef9230 54.75MB / 54.75MB 0.3s done
2025-11-29T16:43:53.9827452Z #5 sha256:5d6e107a26c2ffb6e234f04132358dea70a691a64c1152f984d2f2ba0e218c58 53.74MB / 53.74MB 0.2s done
2025-11-29T16:43:53.9828673Z #5 sha256:41c7cd6fb37363fd1ec16dad3463ecc5820eda12c418a82b4849604252d29b88 82.84MB / 197.07MB 0.4s
2025-11-29T16:43:53.9829708Z #5 extracting sha256:5d6e107a26c2ffb6e234f04132358dea70a691a64c1152f984d2f2ba0e218c58
2025-11-29T16:43:53.9831135Z #5 sha256:aede74d79976f9d1be608a1286cdb2ca61aad25185440263691db6a0880adadd 24.46MB / 24.46MB 0.4s done
2025-11-29T16:43:53.9832393Z #5 sha256:c279a6399750ee20e802fb2c47da034ccee5eb4f3b89087f32618f10e8af074a 1.56MB / 1.56MB 0.3s done
2025-11-29T16:43:53.9833521Z #5 sha256:4f4fb700ef54461cfa02571ae0db9a0dc1e0cdb5577484a6d75e68dc38e8acc1 32B / 32B 0.2s done
2025-11-29T16:43:53.9834599Z #5 sha256:ec0af1da0a0576de654092a28624c0565c6d854216944f18159460338af43293 7.84MB / 72.99MB 0.4s
2025-11-29T16:43:53.9835680Z #5 sha256:351447e6e3829fac25a761f87d07dc5bfc289f38908901d05fa53aaab54dbdcd 115.52kB / 115.52kB 0.4s done
2025-11-29T16:43:54.1205929Z #5 sha256:41c7cd6fb37363fd1ec16dad3463ecc5820eda12c418a82b4849604252d29b88 112.20MB / 197.07MB 0.5s
2025-11-29T16:43:54.1223262Z #5 sha256:ec0af1da0a0576de654092a28624c0565c6d854216944f18159460338af43293 34.60MB / 72.99MB 0.5s
2025-11-29T16:43:54.1227750Z #5 sha256:eec8099d3f58ba87e25216a07db18b5a0de40b6921ee61ea8ab9b4c29b53a12f 1.16MB / 1.16MB 0.4s done
2025-11-29T16:43:54.1229103Z #5 sha256:cddc70a1cccef26d55fcf9242759c41404c305acea0b4c3a30961c99846a0a55 637.94kB / 637.94kB 0.5s done
2025-11-29T16:43:54.1230443Z #5 sha256:36312d7930e0666f8cfc7940823ac101235e873b7cbb8b20d9481fd404095767 0B / 35.20MB 0.5s
2025-11-29T16:43:54.2815503Z #5 sha256:41c7cd6fb37363fd1ec16dad3463ecc5820eda12c418a82b4849604252d29b88 183.50MB / 197.07MB 0.7s
2025-11-29T16:43:54.2818861Z #5 sha256:ec0af1da0a0576de654092a28624c0565c6d854216944f18159460338af43293 72.99MB / 72.99MB 0.6s done
2025-11-29T16:43:54.2820190Z #5 sha256:36312d7930e0666f8cfc7940823ac101235e873b7cbb8b20d9481fd404095767 35.20MB / 35.20MB 0.7s done
2025-11-29T16:43:54.2821300Z #5 sha256:8023cb51985fccd3faa4be6340cdc75b72240277850569aa974767dda5176159 168B / 168B 0.7s done
2025-11-29T16:43:54.2822403Z #5 sha256:4836a863d60df9ca0cedad0eb5e729c4a7f755449fbfbd6d4ea6443e64c990e0 0B / 118.65MB 0.7s
2025-11-29T16:43:54.2823486Z #5 sha256:4a1fde1690fe113870084a3224c66554fc9cbd2310abb9593b0244ec21f4b76d 168B / 168B 0.7s done
2025-11-29T16:43:54.3817722Z #5 sha256:41c7cd6fb37363fd1ec16dad3463ecc5820eda12c418a82b4849604252d29b88 197.07MB / 197.07MB 0.8s
2025-11-29T16:43:54.3818938Z #5 sha256:4836a863d60df9ca0cedad0eb5e729c4a7f755449fbfbd6d4ea6443e64c990e0 31.46MB / 118.65MB 0.8s
2025-11-29T16:43:54.4835892Z #5 sha256:4836a863d60df9ca0cedad0eb5e729c4a7f755449fbfbd6d4ea6443e64c990e0 75.50MB / 118.65MB 0.9s
2025-11-29T16:43:54.5845826Z #5 sha256:4836a863d60df9ca0cedad0eb5e729c4a7f755449fbfbd6d4ea6443e64c990e0 115.34MB / 118.65MB 1.0s
2025-11-29T16:43:55.0737296Z #5 sha256:41c7cd6fb37363fd1ec16dad3463ecc5820eda12c418a82b4849604252d29b88 197.07MB / 197.07MB 1.4s done
2025-11-29T16:43:55.0739318Z #5 sha256:4836a863d60df9ca0cedad0eb5e729c4a7f755449fbfbd6d4ea6443e64c990e0 118.65MB / 118.65MB 1.4s done
2025-11-29T16:43:56.4706738Z #5 extracting sha256:5d6e107a26c2ffb6e234f04132358dea70a691a64c1152f984d2f2ba0e218c58 2.6s done
2025-11-29T16:43:56.5982705Z #5 extracting sha256:2377065f3b700cf1b5e391d26c572c8b91892dd44acd75deebdab5e403b23175 0.1s
2025-11-29T16:43:57.0279822Z #5 extracting sha256:2377065f3b700cf1b5e391d26c572c8b91892dd44acd75deebdab5e403b23175 0.4s done
2025-11-29T16:43:57.7819856Z #5 extracting sha256:5ee26b7a209f9a26720207792b237af3e19c0efeed8695e1e630fcd0feef9230
2025-11-29T16:43:59.8472980Z #5 extracting sha256:5ee26b7a209f9a26720207792b237af3e19c0efeed8695e1e630fcd0feef9230 1.9s done
2025-11-29T16:43:59.9383001Z #5 extracting sha256:41c7cd6fb37363fd1ec16dad3463ecc5820eda12c418a82b4849604252d29b88
2025-11-29T16:44:04.6510364Z #5 extracting sha256:41c7cd6fb37363fd1ec16dad3463ecc5820eda12c418a82b4849604252d29b88 4.7s done
2025-11-29T16:44:05.7769711Z #5 extracting sha256:4f4fb700ef54461cfa02571ae0db9a0dc1e0cdb5577484a6d75e68dc38e8acc1
2025-11-29T16:44:05.9117977Z #5 extracting sha256:4f4fb700ef54461cfa02571ae0db9a0dc1e0cdb5577484a6d75e68dc38e8acc1 done
2025-11-29T16:44:05.9120483Z #5 extracting sha256:aede74d79976f9d1be608a1286cdb2ca61aad25185440263691db6a0880adadd 0.1s
2025-11-29T16:44:06.6510949Z #5 extracting sha256:aede74d79976f9d1be608a1286cdb2ca61aad25185440263691db6a0880adadd 0.7s done
2025-11-29T16:44:06.6511754Z #5 extracting sha256:c279a6399750ee20e802fb2c47da034ccee5eb4f3b89087f32618f10e8af074a 0.1s
2025-11-29T16:44:06.7860721Z #5 extracting sha256:c279a6399750ee20e802fb2c47da034ccee5eb4f3b89087f32618f10e8af074a 0.1s done
2025-11-29T16:44:06.7862009Z #5 extracting sha256:ec0af1da0a0576de654092a28624c0565c6d854216944f18159460338af43293 0.1s
2025-11-29T16:44:07.7628055Z #5 extracting sha256:ec0af1da0a0576de654092a28624c0565c6d854216944f18159460338af43293 0.9s done
2025-11-29T16:44:07.8132391Z #5 extracting sha256:351447e6e3829fac25a761f87d07dc5bfc289f38908901d05fa53aaab54dbdcd
2025-11-29T16:44:07.9464771Z #5 extracting sha256:351447e6e3829fac25a761f87d07dc5bfc289f38908901d05fa53aaab54dbdcd done
2025-11-29T16:44:08.0667966Z #5 extracting sha256:eec8099d3f58ba87e25216a07db18b5a0de40b6921ee61ea8ab9b4c29b53a12f 0.0s done
2025-11-29T16:44:08.0669066Z #5 extracting sha256:cddc70a1cccef26d55fcf9242759c41404c305acea0b4c3a30961c99846a0a55 0.0s done
2025-11-29T16:44:08.0670157Z #5 extracting sha256:36312d7930e0666f8cfc7940823ac101235e873b7cbb8b20d9481fd404095767 0.1s
2025-11-29T16:44:08.3785615Z #5 extracting sha256:36312d7930e0666f8cfc7940823ac101235e873b7cbb8b20d9481fd404095767 0.4s done
2025-11-29T16:44:08.3788086Z #5 extracting sha256:4a1fde1690fe113870084a3224c66554fc9cbd2310abb9593b0244ec21f4b76d
2025-11-29T16:44:08.5198668Z #5 extracting sha256:4a1fde1690fe113870084a3224c66554fc9cbd2310abb9593b0244ec21f4b76d done
2025-11-29T16:44:08.5199736Z #5 extracting sha256:8023cb51985fccd3faa4be6340cdc75b72240277850569aa974767dda5176159 done
2025-11-29T16:44:08.5200953Z #5 extracting sha256:4836a863d60df9ca0cedad0eb5e729c4a7f755449fbfbd6d4ea6443e64c990e0 0.1s
2025-11-29T16:44:11.7756265Z #5 extracting sha256:4836a863d60df9ca0cedad0eb5e729c4a7f755449fbfbd6d4ea6443e64c990e0 3.2s done
2025-11-29T16:44:12.2337518Z #5 DONE 18.7s
2025-11-29T16:44:12.3965133Z 
2025-11-29T16:44:12.3965648Z #6 [2/2] COPY entrypoint.sh /entrypoint.sh
2025-11-29T16:44:12.3966229Z #6 DONE 0.0s
2025-11-29T16:44:12.3966391Z 
2025-11-29T16:44:12.3966496Z #7 exporting to image
2025-11-29T16:44:12.3966774Z #7 exporting layers
2025-11-29T16:44:13.4551330Z #7 exporting layers 1.2s done
2025-11-29T16:44:13.4769410Z #7 writing image sha256:0888c7828e048c2c9ca5912fc8b2215d881edc216c2bd787488782630da23016 done
2025-11-29T16:44:13.4770559Z #7 naming to docker.io/library/606911:a5f8cc86273041719d6a7f4cda7e9e4a done
2025-11-29T16:44:13.4771165Z #7 DONE 1.2s
2025-11-29T16:44:13.4825095Z ##[endgroup]
2025-11-29T16:44:13.5073080Z ##[group]Run actions/checkout@v4
2025-11-29T16:44:13.5073590Z with:
2025-11-29T16:44:13.5073810Z   repository: ECONEURA-EMPRESA/ECONEURA-GO
2025-11-29T16:44:13.5074251Z   token: ***
2025-11-29T16:44:13.5074428Z   ssh-strict: true
2025-11-29T16:44:13.5074606Z   ssh-user: git
2025-11-29T16:44:13.5074787Z   persist-credentials: true
2025-11-29T16:44:13.5075001Z   clean: true
2025-11-29T16:44:13.5075398Z   sparse-checkout-cone-mode: true
2025-11-29T16:44:13.5075622Z   fetch-depth: 1
2025-11-29T16:44:13.5075798Z   fetch-tags: false
2025-11-29T16:44:13.5075977Z   show-progress: true
2025-11-29T16:44:13.5076161Z   lfs: false
2025-11-29T16:44:13.5076326Z   submodules: false
2025-11-29T16:44:13.5076504Z   set-safe-directory: true
2025-11-29T16:44:13.5076923Z ##[endgroup]
2025-11-29T16:44:13.6141388Z Syncing repository: ECONEURA-EMPRESA/ECONEURA-GO
2025-11-29T16:44:13.6142625Z ##[group]Getting Git version info
2025-11-29T16:44:13.6143056Z Working directory is '/home/runner/work/ECONEURA-GO/ECONEURA-GO'
2025-11-29T16:44:13.6143582Z [command]/usr/bin/git version
2025-11-29T16:44:13.6159304Z git version 2.51.2
2025-11-29T16:44:13.6186093Z ##[endgroup]
2025-11-29T16:44:13.6202355Z Temporarily overriding HOME='/home/runner/work/_temp/fffbb955-8563-4f63-b7c1-64547736b1a6' before making global git config changes
2025-11-29T16:44:13.6203758Z Adding repository directory to the temporary git global config as a safe directory
2025-11-29T16:44:13.6216400Z [command]/usr/bin/git config --global --add safe.directory /home/runner/work/ECONEURA-GO/ECONEURA-GO
2025-11-29T16:44:13.6253482Z Deleting the contents of '/home/runner/work/ECONEURA-GO/ECONEURA-GO'
2025-11-29T16:44:13.6257095Z ##[group]Initializing the repository
2025-11-29T16:44:13.6261718Z [command]/usr/bin/git init /home/runner/work/ECONEURA-GO/ECONEURA-GO
2025-11-29T16:44:13.6370465Z hint: Using 'master' as the name for the initial branch. This default branch name
2025-11-29T16:44:13.6371771Z hint: is subject to change. To configure the initial branch name to use in all
2025-11-29T16:44:13.6372437Z hint: of your new repositories, which will suppress this warning, call:
2025-11-29T16:44:13.6373052Z hint:
2025-11-29T16:44:13.6373553Z hint: 	git config --global init.defaultBranch <name>
2025-11-29T16:44:13.6374040Z hint:
2025-11-29T16:44:13.6374365Z hint: Names commonly chosen instead of 'master' are 'main', 'trunk' and
2025-11-29T16:44:13.6375029Z hint: 'development'. The just-created branch can be renamed via this command:
2025-11-29T16:44:13.6375787Z hint:
2025-11-29T16:44:13.6376146Z hint: 	git branch -m <name>
2025-11-29T16:44:13.6376554Z hint:
2025-11-29T16:44:13.6377208Z hint: Disable this message with "git config set advice.defaultBranchName false"
2025-11-29T16:44:13.6378282Z Initialized empty Git repository in /home/runner/work/ECONEURA-GO/ECONEURA-GO/.git/
2025-11-29T16:44:13.6387488Z [command]/usr/bin/git remote add origin https://github.com/ECONEURA-EMPRESA/ECONEURA-GO
2025-11-29T16:44:13.6421558Z ##[endgroup]
2025-11-29T16:44:13.6422225Z ##[group]Disabling automatic garbage collection
2025-11-29T16:44:13.6426675Z [command]/usr/bin/git config --local gc.auto 0
2025-11-29T16:44:13.6455737Z ##[endgroup]
2025-11-29T16:44:13.6456317Z ##[group]Setting up auth
2025-11-29T16:44:13.6464397Z [command]/usr/bin/git config --local --name-only --get-regexp core\.sshCommand
2025-11-29T16:44:13.6494844Z [command]/usr/bin/git submodule foreach --recursive sh -c "git config --local --name-only --get-regexp 'core\.sshCommand' && git config --local --unset-all 'core.sshCommand' || :"
2025-11-29T16:44:13.6821241Z [command]/usr/bin/git config --local --name-only --get-regexp http\.https\:\/\/github\.com\/\.extraheader
2025-11-29T16:44:13.6850597Z [command]/usr/bin/git submodule foreach --recursive sh -c "git config --local --name-only --get-regexp 'http\.https\:\/\/github\.com\/\.extraheader' && git config --local --unset-all 'http.https://github.com/.extraheader' || :"
2025-11-29T16:44:13.7067128Z [command]/usr/bin/git config --local --name-only --get-regexp ^includeIf\.gitdir:
2025-11-29T16:44:13.7104109Z [command]/usr/bin/git submodule foreach --recursive git config --local --show-origin --name-only --get-regexp remote.origin.url
2025-11-29T16:44:13.7325841Z [command]/usr/bin/git config --local http.https://github.com/.extraheader AUTHORIZATION: basic ***
2025-11-29T16:44:13.7361033Z ##[endgroup]
2025-11-29T16:44:13.7361603Z ##[group]Fetching the repository
2025-11-29T16:44:13.7368997Z [command]/usr/bin/git -c protocol.version=2 fetch --no-tags --prune --no-recurse-submodules --depth=1 origin +9b0b00baf9280b6a7db2bfd6b1a942bd3781993f:refs/remotes/origin/main
2025-11-29T16:44:14.3173008Z From https://github.com/ECONEURA-EMPRESA/ECONEURA-GO
2025-11-29T16:44:14.3174009Z  * [new ref]         9b0b00baf9280b6a7db2bfd6b1a942bd3781993f -> origin/main
2025-11-29T16:44:14.3205321Z ##[endgroup]
2025-11-29T16:44:14.3206033Z ##[group]Determining the checkout info
2025-11-29T16:44:14.3208679Z ##[endgroup]
2025-11-29T16:44:14.3213949Z [command]/usr/bin/git sparse-checkout disable
2025-11-29T16:44:14.3251804Z [command]/usr/bin/git config --local --unset-all extensions.worktreeConfig
2025-11-29T16:44:14.3277147Z ##[group]Checking out the ref
2025-11-29T16:44:14.3281717Z [command]/usr/bin/git checkout --progress --force -B main refs/remotes/origin/main
2025-11-29T16:44:14.4577692Z Switched to a new branch 'main'
2025-11-29T16:44:14.4578531Z branch 'main' set up to track 'origin/main'.
2025-11-29T16:44:14.4595345Z ##[endgroup]
2025-11-29T16:44:14.4635260Z [command]/usr/bin/git log -1 --format=%H
2025-11-29T16:44:14.4659059Z 9b0b00baf9280b6a7db2bfd6b1a942bd3781993f
2025-11-29T16:44:14.4874173Z ##[group]Run actions/setup-node@v4
2025-11-29T16:44:14.4874437Z with:
2025-11-29T16:44:14.4874602Z   node-version: 20
2025-11-29T16:44:14.4874781Z   cache: npm
2025-11-29T16:44:14.4874945Z   always-auth: false
2025-11-29T16:44:14.4875136Z   check-latest: false
2025-11-29T16:44:14.4875443Z   token: ***
2025-11-29T16:44:14.4875610Z ##[endgroup]
2025-11-29T16:44:14.6632353Z Found in cache @ /opt/hostedtoolcache/node/20.19.5/x64
2025-11-29T16:44:14.6638433Z ##[group]Environment details
2025-11-29T16:44:15.0179381Z node: v20.19.5
2025-11-29T16:44:15.0179800Z npm: 10.8.2
2025-11-29T16:44:15.0180514Z yarn: 1.22.22
2025-11-29T16:44:15.0182146Z ##[endgroup]
2025-11-29T16:44:15.0202968Z [command]/opt/hostedtoolcache/node/20.19.5/x64/bin/npm config get cache
2025-11-29T16:44:15.2643701Z /home/runner/.npm
2025-11-29T16:44:15.4011118Z Cache hit for: node-cache-Linux-x64-npm-8caa1747b02b9575ba30c2177b94686b55ebfce4790e6735468efa53b744b388
2025-11-29T16:44:16.4426087Z Received 116021934 of 116021934 (100.0%), 120.1 MBs/sec
2025-11-29T16:44:16.4426722Z Cache Size: ~111 MB (116021934 B)
2025-11-29T16:44:16.4457818Z [command]/usr/bin/tar -xf /home/runner/work/_temp/d08a9c49-ca34-4140-9fb7-1a979edb971d/cache.tzst -P -C /home/runner/work/ECONEURA-GO/ECONEURA-GO --use-compress-program unzstd
2025-11-29T16:44:16.7629373Z Cache restored successfully
2025-11-29T16:44:16.7848221Z Cache restored from key: node-cache-Linux-x64-npm-8caa1747b02b9575ba30c2177b94686b55ebfce4790e6735468efa53b744b388
2025-11-29T16:44:16.8024847Z ##[group]Run npm ci
2025-11-29T16:44:16.8025134Z [36;1mnpm ci[0m
2025-11-29T16:44:16.8073541Z shell: /usr/bin/bash -e {0}
2025-11-29T16:44:16.8073813Z ##[endgroup]
2025-11-29T16:44:22.2253657Z npm warn deprecated @types/winston@2.4.4: This is a stub types definition. winston provides its own type definitions, so you do not need this installed.
2025-11-29T16:44:22.2267415Z npm warn deprecated @types/express-rate-limit@6.0.2: This is a stub types definition. express-rate-limit provides its own type definitions, so you do not need this installed.
2025-11-29T16:44:22.2671675Z npm warn deprecated inflight@1.0.6: This module is not supported, and leaks memory. Do not use it. Check out lru-cache if you want a good and tested way to coalesce async requests by a key value, which is much more comprehensive and powerful.
2025-11-29T16:44:22.6171956Z npm warn deprecated glob@7.2.3: Glob versions prior to v9 are no longer supported
2025-11-29T16:44:29.6146536Z 
2025-11-29T16:44:29.6147435Z added 1187 packages, and audited 1192 packages in 13s
2025-11-29T16:44:29.6147908Z 
2025-11-29T16:44:29.6148206Z 310 packages are looking for funding
2025-11-29T16:44:29.6148749Z   run `npm fund` for details
2025-11-29T16:44:29.6165221Z 
2025-11-29T16:44:29.6165770Z found 0 vulnerabilities
2025-11-29T16:44:29.7011542Z ##[group]Run npx turbo run build --filter=@econeura/web...
2025-11-29T16:44:29.7012268Z [36;1mnpx turbo run build --filter=@econeura/web...[0m
2025-11-29T16:44:29.7045037Z shell: /usr/bin/bash -e {0}
2025-11-29T16:44:29.7045283Z ##[endgroup]
2025-11-29T16:44:30.1018358Z 
2025-11-29T16:44:30.1018995Z Attention:
2025-11-29T16:44:30.1019780Z Turborepo now collects completely anonymous telemetry regarding usage.
2025-11-29T16:44:30.1021085Z This information is used to shape the Turborepo roadmap and prioritize features.
2025-11-29T16:44:30.1022634Z You can learn more, including how to opt-out if you'd not like to participate in this anonymous program, by visiting the following URL:
2025-11-29T16:44:30.1023775Z https://turborepo.com/docs/telemetry
2025-11-29T16:44:30.1024156Z 
2025-11-29T16:44:30.1520882Z • Packages in scope: @econeura/config, @econeura/shared, @econeura/web
2025-11-29T16:44:30.1522079Z • Running build in 3 packages
2025-11-29T16:44:30.1528477Z • Remote caching disabled
2025-11-29T16:44:32.0262202Z ##[group]@econeura/shared:build
2025-11-29T16:44:32.0262969Z cache miss, executing cf595fe561044f67
2025-11-29T16:44:32.0263292Z 
2025-11-29T16:44:32.0263513Z > @econeura/shared@0.0.1 build
2025-11-29T16:44:32.0263896Z > tsc
2025-11-29T16:44:32.0264057Z 
2025-11-29T16:44:32.0264393Z ##[endgroup]
2025-11-29T16:44:39.7701041Z ##[group]@econeura/web:build
2025-11-29T16:44:39.7701697Z cache miss, executing 107b230afc49038c
2025-11-29T16:44:39.7701922Z 
2025-11-29T16:44:39.7702087Z > @econeura/web@0.0.1 build
2025-11-29T16:44:39.7702412Z > npx vite build
2025-11-29T16:44:39.7702620Z 
2025-11-29T16:44:39.7703441Z [36mvite v7.2.4 [32mbuilding client environment for production...[36m[39m
2025-11-29T16:44:39.7704105Z transforming...
2025-11-29T16:44:39.7704982Z [32m✓[39m 3286 modules transformed.
2025-11-29T16:44:39.7705491Z rendering chunks...
2025-11-29T16:44:39.7705900Z computing gzip size...
2025-11-29T16:44:39.7706983Z [2mdist/[22m[32mindex.html                       [39m[1m[2m  1.45 kB[22m[1m[22m[2m │ gzip:   0.65 kB[22m
2025-11-29T16:44:39.7708488Z [2mdist/[22m[2massets/[22m[35mindex-Ce_qUYwa.css        [39m[1m[2m 18.66 kB[22m[1m[22m[2m │ gzip:   3.79 kB[22m
2025-11-29T16:44:39.7710658Z [2mdist/[22m[2massets/[22m[36mreact-vendor-B6_PLOK3.js  [39m[1m[2m 44.41 kB[22m[1m[22m[2m │ gzip:  16.02 kB[22m
2025-11-29T16:44:39.7712721Z [2mdist/[22m[2massets/[22m[36mui-vendor-gAipy2Zs.js     [39m[1m[2m133.81 kB[22m[1m[22m[2m │ gzip:  44.88 kB[22m
2025-11-29T16:44:39.7714611Z [2mdist/[22m[2massets/[22m[36mclient-C73EbFQ4.js        [39m[1m[2m180.88 kB[22m[1m[22m[2m │ gzip:  56.88 kB[22m
2025-11-29T16:44:39.7716183Z [2mdist/[22m[2massets/[22m[36mindex-DKpi7P3R.js         [39m[1m[2m257.08 kB[22m[1m[22m[2m │ gzip:  85.08 kB[22m
2025-11-29T16:44:39.7717663Z [2mdist/[22m[2massets/[22m[36mApp-CsdfdHT3.js           [39m[1m[33m797.30 kB[39m[22m[2m │ gzip: 232.39 kB[22m
2025-11-29T16:44:39.7718432Z [33m
2025-11-29T16:44:39.7719046Z (!) Some chunks are larger than 600 kB after minification. Consider:
2025-11-29T16:44:39.7719857Z - Using dynamic import() to code-split the application
2025-11-29T16:44:39.7721417Z - Use build.rollupOptions.output.manualChunks to improve chunking: https://rollupjs.org/configuration-options/#output-manualchunks
2025-11-29T16:44:39.7722949Z - Adjust chunk size limit for this warning via build.chunkSizeWarningLimit.[39m
2025-11-29T16:44:39.7723729Z [32m✓ built in 7.00s[39m
2025-11-29T16:44:39.7724371Z ##[endgroup]
2025-11-29T16:44:39.7728288Z 
2025-11-29T16:44:39.7728593Z  Tasks:    2 successful, 2 total
2025-11-29T16:44:39.7729064Z Cached:    0 cached, 2 total
2025-11-29T16:44:39.7729454Z   Time:    9.649s 
2025-11-29T16:44:39.7729648Z 
2025-11-29T16:44:39.8170466Z ##[group]Run Azure/static-web-apps-deploy@v1
2025-11-29T16:44:39.8170779Z with:
2025-11-29T16:44:39.8171467Z   azure_static_web_apps_api_token: ***
2025-11-29T16:44:39.8171855Z   repo_token: ***
2025-11-29T16:44:39.8172061Z   action: upload
2025-11-29T16:44:39.8172273Z   app_location: packages/frontend/dist
2025-11-29T16:44:39.8172725Z   skip_app_build: true
2025-11-29T16:44:39.8172929Z ##[endgroup]
2025-11-29T16:44:39.8277977Z ##[command]/usr/bin/docker run --name a5f8cc86273041719d6a7f4cda7e9e4a_55f7b1 --label 606911 --workdir /github/workspace --rm -e "INPUT_AZURE_STATIC_WEB_APPS_API_TOKEN" -e "INPUT_REPO_TOKEN" -e "INPUT_ACTION" -e "INPUT_APP_LOCATION" -e "INPUT_SKIP_APP_BUILD" -e "INPUT_API_BUILD_COMMAND" -e "INPUT_API_LOCATION" -e "INPUT_APP_ARTIFACT_LOCATION" -e "INPUT_OUTPUT_LOCATION" -e "INPUT_APP_BUILD_COMMAND" -e "INPUT_ROUTES_LOCATION" -e "INPUT_CONFIG_FILE_LOCATION" -e "INPUT_SKIP_API_BUILD" -e "INPUT_PRODUCTION_BRANCH" -e "INPUT_DEPLOYMENT_ENVIRONMENT" -e "INPUT_IS_STATIC_EXPORT" -e "INPUT_DATA_API_LOCATION" -e "INPUT_GITHUB_ID_TOKEN" -e "HOME" -e "GITHUB_JOB" -e "GITHUB_REF" -e "GITHUB_SHA" -e "GITHUB_REPOSITORY" -e "GITHUB_REPOSITORY_OWNER" -e "GITHUB_REPOSITORY_OWNER_ID" -e "GITHUB_RUN_ID" -e "GITHUB_RUN_NUMBER" -e "GITHUB_RETENTION_DAYS" -e "GITHUB_RUN_ATTEMPT" -e "GITHUB_ACTOR_ID" -e "GITHUB_ACTOR" -e "GITHUB_WORKFLOW" -e "GITHUB_HEAD_REF" -e "GITHUB_BASE_REF" -e "GITHUB_EVENT_NAME" -e "GITHUB_SERVER_URL" -e "GITHUB_API_URL" -e "GITHUB_GRAPHQL_URL" -e "GITHUB_REF_NAME" -e "GITHUB_REF_PROTECTED" -e "GITHUB_REF_TYPE" -e "GITHUB_WORKFLOW_REF" -e "GITHUB_WORKFLOW_SHA" -e "GITHUB_REPOSITORY_ID" -e "GITHUB_TRIGGERING_ACTOR" -e "GITHUB_WORKSPACE" -e "GITHUB_ACTION" -e "GITHUB_EVENT_PATH" -e "GITHUB_ACTION_REPOSITORY" -e "GITHUB_ACTION_REF" -e "GITHUB_PATH" -e "GITHUB_ENV" -e "GITHUB_STEP_SUMMARY" -e "GITHUB_STATE" -e "GITHUB_OUTPUT" -e "RUNNER_OS" -e "RUNNER_ARCH" -e "RUNNER_NAME" -e "RUNNER_ENVIRONMENT" -e "RUNNER_TOOL_CACHE" -e "RUNNER_TEMP" -e "RUNNER_WORKSPACE" -e "ACTIONS_RUNTIME_URL" -e "ACTIONS_RUNTIME_TOKEN" -e "ACTIONS_CACHE_URL" -e "ACTIONS_ID_TOKEN_REQUEST_URL" -e "ACTIONS_ID_TOKEN_REQUEST_TOKEN" -e "ACTIONS_RESULTS_URL" -e GITHUB_ACTIONS=true -e CI=true -v "/var/run/docker.sock":"/var/run/docker.sock" -v "/home/runner/work/_temp":"/github/runner_temp" -v "/home/runner/work/_temp/_github_home":"/github/home" -v "/home/runner/work/_temp/_github_workflow":"/github/workflow" -v "/home/runner/work/_temp/_runner_file_commands":"/github/file_commands" -v "/home/runner/work/ECONEURA-GO/ECONEURA-GO":"/github/workspace" 606911:a5f8cc86273041719d6a7f4cda7e9e4a
2025-11-29T16:44:42.0245706Z DeploymentId: 2e3235a8-9d3f-4efd-b2c4-0c923ff35431
2025-11-29T16:44:42.0246354Z 
2025-11-29T16:44:42.1461303Z [37mTry to validate location at: '/github/workspace/packages/frontend/dist'.[0m
2025-11-29T16:44:42.1473035Z [37mApp Directory Location: 'packages/frontend/dist' was found.[0m
2025-11-29T16:44:42.1473883Z [37mTry to validate location at: '/github/workspace/swa-db-connections'.[0m
2025-11-29T16:44:42.1476148Z [37mLooking for event info[0m
2025-11-29T16:44:42.8763292Z [37mSkipping step to build /github/workspace/packages/frontend/dist with Oryx[0m
2025-11-29T16:44:42.9021552Z [37mNo Api directory specified. Azure Functions will not be created.[0m
2025-11-29T16:44:42.9187533Z [33mEither no Api directory was specified, or the specified directory was not found. Azure Functions will not be created.[0m
2025-11-29T16:44:43.6432465Z [37mZipping App Artifacts[0m
2025-11-29T16:44:43.9055687Z [37mDone Zipping App Artifacts[0m
2025-11-29T16:44:43.9056843Z [37mUploading build artifacts.[0m
2025-11-29T16:44:45.8232192Z [32mFinished Upload. Polling on deployment.[0m
2025-11-29T16:44:46.1343331Z [37mStatus: InProgress. Time: 0.3087375(s)[0m
2025-11-29T16:45:02.7742078Z [37mStatus: Succeeded. Time: 16.95085(s)[0m
2025-11-29T16:45:02.7742643Z [32mDeployment Complete :)[0m
2025-11-29T16:45:02.7743732Z [32mVisit your site at: https://yellow-meadow-004e16d03.3.azurestaticapps.net[0m
2025-11-29T16:45:02.8807491Z [37mThanks for using Azure Static Web Apps![0m
2025-11-29T16:45:02.8808307Z [37mExiting[0m
2025-11-29T16:45:02.9790939Z Post job cleanup.
2025-11-29T16:45:03.1367209Z Cache hit occurred on the primary key node-cache-Linux-x64-npm-8caa1747b02b9575ba30c2177b94686b55ebfce4790e6735468efa53b744b388, not saving cache.
2025-11-29T16:45:03.1474548Z Post job cleanup.
2025-11-29T16:45:03.2412119Z [command]/usr/bin/git version
2025-11-29T16:45:03.2448042Z git version 2.51.2
2025-11-29T16:45:03.2492591Z Temporarily overriding HOME='/home/runner/work/_temp/3e56128c-793f-4a56-9c6f-9b883fe6f4d3' before making global git config changes
2025-11-29T16:45:03.2494128Z Adding repository directory to the temporary git global config as a safe directory
2025-11-29T16:45:03.2499389Z [command]/usr/bin/git config --global --add safe.directory /home/runner/work/ECONEURA-GO/ECONEURA-GO
2025-11-29T16:45:03.2535609Z [command]/usr/bin/git config --local --name-only --get-regexp core\.sshCommand
2025-11-29T16:45:03.2568166Z [command]/usr/bin/git submodule foreach --recursive sh -c "git config --local --name-only --get-regexp 'core\.sshCommand' && git config --local --unset-all 'core.sshCommand' || :"
2025-11-29T16:45:03.2796186Z [command]/usr/bin/git config --local --name-only --get-regexp http\.https\:\/\/github\.com\/\.extraheader
2025-11-29T16:45:03.2816480Z http.https://github.com/.extraheader
2025-11-29T16:45:03.2830293Z [command]/usr/bin/git config --local --unset-all http.https://github.com/.extraheader
2025-11-29T16:45:03.2861826Z [command]/usr/bin/git submodule foreach --recursive sh -c "git config --local --name-only --get-regexp 'http\.https\:\/\/github\.com\/\.extraheader' && git config --local --unset-all 'http.https://github.com/.extraheader' || :"
2025-11-29T16:45:03.3081122Z [command]/usr/bin/git config --local --name-only --get-regexp ^includeIf\.gitdir:
2025-11-29T16:45:03.3111980Z [command]/usr/bin/git submodule foreach --recursive git config --local --show-origin --name-only --get-regexp remote.origin.url
2025-11-29T16:45:03.3444343Z Cleaning up orphan processes
