2025-11-29T14:59:48.7716047Z Current runner version: '2.329.0'
2025-11-29T14:59:48.7739108Z ##[group]Runner Image Provisioner
2025-11-29T14:59:48.7740009Z Hosted Compute Agent
2025-11-29T14:59:48.7740618Z Version: 20251016.436
2025-11-29T14:59:48.7741207Z Commit: 8ab8ac8bfd662a3739dab9fe09456aba92132568
2025-11-29T14:59:48.7741958Z Build Date: 2025-10-15T20:44:12Z
2025-11-29T14:59:48.7742595Z ##[endgroup]
2025-11-29T14:59:48.7743146Z ##[group]Operating System
2025-11-29T14:59:48.7743758Z Ubuntu
2025-11-29T14:59:48.7744230Z 24.04.3
2025-11-29T14:59:48.7744724Z LTS
2025-11-29T14:59:48.7745223Z ##[endgroup]
2025-11-29T14:59:48.7745710Z ##[group]Runner Image
2025-11-29T14:59:48.7746291Z Image: ubuntu-24.04
2025-11-29T14:59:48.7746846Z Version: 20251112.124.1
2025-11-29T14:59:48.7748020Z Included Software: https://github.com/actions/runner-images/blob/ubuntu24/20251112.124/images/ubuntu/Ubuntu2404-Readme.md
2025-11-29T14:59:48.7749568Z Image Release: https://github.com/actions/runner-images/releases/tag/ubuntu24%2F20251112.124
2025-11-29T14:59:48.7750646Z ##[endgroup]
2025-11-29T14:59:48.7751636Z ##[group]GITHUB_TOKEN Permissions
2025-11-29T14:59:48.7753453Z Contents: read
2025-11-29T14:59:48.7753996Z Metadata: read
2025-11-29T14:59:48.7754503Z ##[endgroup]
2025-11-29T14:59:48.7756890Z Secret source: Actions
2025-11-29T14:59:48.7757944Z Prepare workflow directory
2025-11-29T14:59:48.8069614Z Prepare all required actions
2025-11-29T14:59:48.8120572Z Getting action download info
2025-11-29T14:59:49.2737810Z Download action repository 'actions/checkout@v4' (SHA:34e114876b0b11c390a56381ad16ebd13914f8d5)
2025-11-29T14:59:49.9594049Z Download action repository 'actions/setup-node@v4' (SHA:49933ea5288caeca8642d1e84afbd3f7d6820020)
2025-11-29T14:59:50.1457097Z Download action repository 'Azure/static-web-apps-deploy@v1' (SHA:4d27395796ac319302594769cfe812bd207490b1)
2025-11-29T14:59:50.7287339Z Complete job name: Deploy Frontend
2025-11-29T14:59:50.7780087Z ##[group]Build container for action use: '/home/runner/work/_actions/Azure/static-web-apps-deploy/v1/Dockerfile'.
2025-11-29T14:59:50.7834658Z ##[command]/usr/bin/docker build -t bcb17a:6dcb255b522949228338b3e4392fe8de -f "/home/runner/work/_actions/Azure/static-web-apps-deploy/v1/Dockerfile" "/home/runner/work/_actions/Azure/static-web-apps-deploy/v1"
2025-11-29T14:59:53.1021005Z #0 building with "default" instance using docker driver
2025-11-29T14:59:53.1021554Z 
2025-11-29T14:59:53.1021796Z #1 [internal] load build definition from Dockerfile
2025-11-29T14:59:53.1022173Z #1 transferring dockerfile: 160B done
2025-11-29T14:59:53.1022821Z #1 DONE 0.0s
2025-11-29T14:59:53.1023036Z 
2025-11-29T14:59:53.1023310Z #2 [internal] load metadata for mcr.microsoft.com/appsvc/staticappsclient:stable
2025-11-29T14:59:53.1023946Z #2 DONE 0.1s
2025-11-29T14:59:53.2216885Z 
2025-11-29T14:59:53.2217835Z #3 [internal] load .dockerignore
2025-11-29T14:59:53.2218724Z #3 transferring context: 2B done
2025-11-29T14:59:53.2219267Z #3 DONE 0.0s
2025-11-29T14:59:53.2219561Z 
2025-11-29T14:59:53.2219778Z #4 [internal] load build context
2025-11-29T14:59:53.2220425Z #4 transferring context: 107B done
2025-11-29T14:59:53.2221002Z #4 DONE 0.0s
2025-11-29T14:59:53.2221278Z 
2025-11-29T14:59:53.2222216Z #5 [1/2] FROM mcr.microsoft.com/appsvc/staticappsclient:stable@sha256:3178a283e885dc45a0c7b4c6e9f728f0331ae7fb93de75db4181fa38651170f2
2025-11-29T14:59:53.2224344Z #5 resolve mcr.microsoft.com/appsvc/staticappsclient:stable@sha256:3178a283e885dc45a0c7b4c6e9f728f0331ae7fb93de75db4181fa38651170f2 done
2025-11-29T14:59:53.2226192Z #5 sha256:5d6e107a26c2ffb6e234f04132358dea70a691a64c1152f984d2f2ba0e218c58 11.53MB / 53.74MB 0.1s
2025-11-29T14:59:53.2227834Z #5 sha256:5ee26b7a209f9a26720207792b237af3e19c0efeed8695e1e630fcd0feef9230 4.19MB / 54.75MB 0.1s
2025-11-29T14:59:53.2229213Z #5 sha256:1df8e0748f30e89b0c0477edfc706fc39242e1d6008433c0494113de267e7ca8 15.34kB / 15.34kB done
2025-11-29T14:59:53.2230369Z #5 sha256:2377065f3b700cf1b5e391d26c572c8b91892dd44acd75deebdab5e403b23175 4.19MB / 15.56MB 0.1s
2025-11-29T14:59:53.2231525Z #5 sha256:3178a283e885dc45a0c7b4c6e9f728f0331ae7fb93de75db4181fa38651170f2 2.88kB / 2.88kB done
2025-11-29T14:59:53.3219492Z #5 sha256:5d6e107a26c2ffb6e234f04132358dea70a691a64c1152f984d2f2ba0e218c58 33.55MB / 53.74MB 0.2s
2025-11-29T14:59:53.3220771Z #5 sha256:5ee26b7a209f9a26720207792b237af3e19c0efeed8695e1e630fcd0feef9230 11.53MB / 54.75MB 0.2s
2025-11-29T14:59:53.3222056Z #5 sha256:2377065f3b700cf1b5e391d26c572c8b91892dd44acd75deebdab5e403b23175 12.58MB / 15.56MB 0.2s
2025-11-29T14:59:53.4369659Z #5 sha256:5d6e107a26c2ffb6e234f04132358dea70a691a64c1152f984d2f2ba0e218c58 53.74MB / 53.74MB 0.3s done
2025-11-29T14:59:53.4370978Z #5 sha256:5ee26b7a209f9a26720207792b237af3e19c0efeed8695e1e630fcd0feef9230 25.17MB / 54.75MB 0.3s
2025-11-29T14:59:53.4372193Z #5 sha256:2377065f3b700cf1b5e391d26c572c8b91892dd44acd75deebdab5e403b23175 15.56MB / 15.56MB 0.2s done
2025-11-29T14:59:53.4373467Z #5 sha256:41c7cd6fb37363fd1ec16dad3463ecc5820eda12c418a82b4849604252d29b88 5.24MB / 197.07MB 0.3s
2025-11-29T14:59:53.4374701Z #5 extracting sha256:5d6e107a26c2ffb6e234f04132358dea70a691a64c1152f984d2f2ba0e218c58
2025-11-29T14:59:53.5458147Z #5 sha256:5ee26b7a209f9a26720207792b237af3e19c0efeed8695e1e630fcd0feef9230 32.51MB / 54.75MB 0.4s
2025-11-29T14:59:53.5460214Z #5 sha256:4f4fb700ef54461cfa02571ae0db9a0dc1e0cdb5577484a6d75e68dc38e8acc1 32B / 32B 0.3s done
2025-11-29T14:59:53.5463319Z #5 sha256:aede74d79976f9d1be608a1286cdb2ca61aad25185440263691db6a0880adadd 12.58MB / 24.46MB 0.4s
2025-11-29T14:59:53.6628619Z #5 sha256:5ee26b7a209f9a26720207792b237af3e19c0efeed8695e1e630fcd0feef9230 39.85MB / 54.75MB 0.5s
2025-11-29T14:59:53.6630775Z #5 sha256:41c7cd6fb37363fd1ec16dad3463ecc5820eda12c418a82b4849604252d29b88 22.02MB / 197.07MB 0.5s
2025-11-29T14:59:53.6632207Z #5 sha256:aede74d79976f9d1be608a1286cdb2ca61aad25185440263691db6a0880adadd 24.46MB / 24.46MB 0.5s done
2025-11-29T14:59:53.6634258Z #5 sha256:c279a6399750ee20e802fb2c47da034ccee5eb4f3b89087f32618f10e8af074a 1.56MB / 1.56MB 0.5s done
2025-11-29T14:59:53.7783256Z #5 sha256:5ee26b7a209f9a26720207792b237af3e19c0efeed8695e1e630fcd0feef9230 45.09MB / 54.75MB 0.6s
2025-11-29T14:59:53.7788095Z #5 sha256:ec0af1da0a0576de654092a28624c0565c6d854216944f18159460338af43293 15.73MB / 72.99MB 0.6s
2025-11-29T14:59:53.8854034Z #5 sha256:5ee26b7a209f9a26720207792b237af3e19c0efeed8695e1e630fcd0feef9230 54.75MB / 54.75MB 0.7s
2025-11-29T14:59:53.8855555Z #5 sha256:41c7cd6fb37363fd1ec16dad3463ecc5820eda12c418a82b4849604252d29b88 42.99MB / 197.07MB 0.7s
2025-11-29T14:59:53.8857375Z #5 sha256:ec0af1da0a0576de654092a28624c0565c6d854216944f18159460338af43293 40.65MB / 72.99MB 0.7s
2025-11-29T14:59:53.9922191Z #5 sha256:5ee26b7a209f9a26720207792b237af3e19c0efeed8695e1e630fcd0feef9230 54.75MB / 54.75MB 0.7s done
2025-11-29T14:59:53.9923578Z #5 sha256:41c7cd6fb37363fd1ec16dad3463ecc5820eda12c418a82b4849604252d29b88 54.53MB / 197.07MB 0.8s
2025-11-29T14:59:53.9924748Z #5 sha256:ec0af1da0a0576de654092a28624c0565c6d854216944f18159460338af43293 61.83MB / 72.99MB 0.8s
2025-11-29T14:59:53.9925942Z #5 sha256:eec8099d3f58ba87e25216a07db18b5a0de40b6921ee61ea8ab9b4c29b53a12f 1.16MB / 1.16MB 0.8s done
2025-11-29T14:59:53.9927165Z #5 sha256:cddc70a1cccef26d55fcf9242759c41404c305acea0b4c3a30961c99846a0a55 637.94kB / 637.94kB 0.8s done
2025-11-29T14:59:53.9928488Z #5 sha256:351447e6e3829fac25a761f87d07dc5bfc289f38908901d05fa53aaab54dbdcd 115.52kB / 115.52kB 0.7s done
2025-11-29T14:59:53.9929664Z #5 sha256:36312d7930e0666f8cfc7940823ac101235e873b7cbb8b20d9481fd404095767 0B / 35.20MB 0.8s
2025-11-29T14:59:54.1214861Z #5 sha256:41c7cd6fb37363fd1ec16dad3463ecc5820eda12c418a82b4849604252d29b88 72.35MB / 197.07MB 1.0s
2025-11-29T14:59:54.1216069Z #5 sha256:ec0af1da0a0576de654092a28624c0565c6d854216944f18159460338af43293 72.99MB / 72.99MB 0.9s done
2025-11-29T14:59:54.1217047Z #5 sha256:36312d7930e0666f8cfc7940823ac101235e873b7cbb8b20d9481fd404095767 23.07MB / 35.20MB 1.0s
2025-11-29T14:59:54.1218354Z #5 sha256:8023cb51985fccd3faa4be6340cdc75b72240277850569aa974767dda5176159 168B / 168B 0.9s done
2025-11-29T14:59:54.1219435Z #5 sha256:4a1fde1690fe113870084a3224c66554fc9cbd2310abb9593b0244ec21f4b76d 168B / 168B 0.9s done
2025-11-29T14:59:54.1220745Z #5 sha256:4836a863d60df9ca0cedad0eb5e729c4a7f755449fbfbd6d4ea6443e64c990e0 16.78MB / 118.65MB 1.0s
2025-11-29T14:59:54.2217041Z #5 sha256:36312d7930e0666f8cfc7940823ac101235e873b7cbb8b20d9481fd404095767 32.51MB / 35.20MB 1.1s
2025-11-29T14:59:54.2218177Z #5 sha256:4836a863d60df9ca0cedad0eb5e729c4a7f755449fbfbd6d4ea6443e64c990e0 38.80MB / 118.65MB 1.1s
2025-11-29T14:59:54.3565176Z #5 sha256:41c7cd6fb37363fd1ec16dad3463ecc5820eda12c418a82b4849604252d29b88 91.23MB / 197.07MB 1.2s
2025-11-29T14:59:54.3566924Z #5 sha256:36312d7930e0666f8cfc7940823ac101235e873b7cbb8b20d9481fd404095767 35.20MB / 35.20MB 1.1s done
2025-11-29T14:59:54.3568704Z #5 sha256:4836a863d60df9ca0cedad0eb5e729c4a7f755449fbfbd6d4ea6443e64c990e0 58.72MB / 118.65MB 1.2s
2025-11-29T14:59:54.4566725Z #5 sha256:41c7cd6fb37363fd1ec16dad3463ecc5820eda12c418a82b4849604252d29b88 103.81MB / 197.07MB 1.3s
2025-11-29T14:59:54.4568135Z #5 sha256:4836a863d60df9ca0cedad0eb5e729c4a7f755449fbfbd6d4ea6443e64c990e0 82.26MB / 118.65MB 1.3s
2025-11-29T14:59:54.5618921Z #5 sha256:41c7cd6fb37363fd1ec16dad3463ecc5820eda12c418a82b4849604252d29b88 124.78MB / 197.07MB 1.4s
2025-11-29T14:59:54.5620767Z #5 sha256:4836a863d60df9ca0cedad0eb5e729c4a7f755449fbfbd6d4ea6443e64c990e0 106.95MB / 118.65MB 1.4s
2025-11-29T14:59:54.6651203Z #5 sha256:41c7cd6fb37363fd1ec16dad3463ecc5820eda12c418a82b4849604252d29b88 144.70MB / 197.07MB 1.5s
2025-11-29T14:59:54.6652430Z #5 sha256:4836a863d60df9ca0cedad0eb5e729c4a7f755449fbfbd6d4ea6443e64c990e0 118.65MB / 118.65MB 1.5s
2025-11-29T14:59:54.7717526Z #5 sha256:41c7cd6fb37363fd1ec16dad3463ecc5820eda12c418a82b4849604252d29b88 165.68MB / 197.07MB 1.6s
2025-11-29T14:59:54.7718915Z #5 sha256:4836a863d60df9ca0cedad0eb5e729c4a7f755449fbfbd6d4ea6443e64c990e0 118.65MB / 118.65MB 1.5s done
2025-11-29T14:59:54.8803961Z #5 sha256:41c7cd6fb37363fd1ec16dad3463ecc5820eda12c418a82b4849604252d29b88 189.79MB / 197.07MB 1.7s
2025-11-29T14:59:55.1211770Z #5 sha256:41c7cd6fb37363fd1ec16dad3463ecc5820eda12c418a82b4849604252d29b88 197.07MB / 197.07MB 1.9s done
2025-11-29T14:59:55.5611212Z #5 extracting sha256:5d6e107a26c2ffb6e234f04132358dea70a691a64c1152f984d2f2ba0e218c58 2.1s done
2025-11-29T14:59:55.6843344Z #5 extracting sha256:2377065f3b700cf1b5e391d26c572c8b91892dd44acd75deebdab5e403b23175 0.1s
2025-11-29T14:59:56.1140296Z #5 extracting sha256:2377065f3b700cf1b5e391d26c572c8b91892dd44acd75deebdab5e403b23175 0.4s done
2025-11-29T14:59:56.8988889Z #5 extracting sha256:5ee26b7a209f9a26720207792b237af3e19c0efeed8695e1e630fcd0feef9230
2025-11-29T14:59:58.9103676Z #5 extracting sha256:5ee26b7a209f9a26720207792b237af3e19c0efeed8695e1e630fcd0feef9230 1.9s done
2025-11-29T14:59:59.0310746Z #5 extracting sha256:41c7cd6fb37363fd1ec16dad3463ecc5820eda12c418a82b4849604252d29b88
2025-11-29T15:00:03.6553412Z #5 extracting sha256:41c7cd6fb37363fd1ec16dad3463ecc5820eda12c418a82b4849604252d29b88 4.6s done
2025-11-29T15:00:04.7678875Z #5 extracting sha256:4f4fb700ef54461cfa02571ae0db9a0dc1e0cdb5577484a6d75e68dc38e8acc1
2025-11-29T15:00:04.9041565Z #5 extracting sha256:4f4fb700ef54461cfa02571ae0db9a0dc1e0cdb5577484a6d75e68dc38e8acc1 done
2025-11-29T15:00:04.9042764Z #5 extracting sha256:aede74d79976f9d1be608a1286cdb2ca61aad25185440263691db6a0880adadd 0.1s
2025-11-29T15:00:05.6415530Z #5 extracting sha256:aede74d79976f9d1be608a1286cdb2ca61aad25185440263691db6a0880adadd 0.7s done
2025-11-29T15:00:05.6416593Z #5 extracting sha256:c279a6399750ee20e802fb2c47da034ccee5eb4f3b89087f32618f10e8af074a 0.1s
2025-11-29T15:00:05.7757977Z #5 extracting sha256:c279a6399750ee20e802fb2c47da034ccee5eb4f3b89087f32618f10e8af074a 0.1s done
2025-11-29T15:00:05.7759072Z #5 extracting sha256:ec0af1da0a0576de654092a28624c0565c6d854216944f18159460338af43293 0.1s
2025-11-29T15:00:06.7403454Z #5 extracting sha256:ec0af1da0a0576de654092a28624c0565c6d854216944f18159460338af43293 0.9s done
2025-11-29T15:00:06.8086757Z #5 extracting sha256:351447e6e3829fac25a761f87d07dc5bfc289f38908901d05fa53aaab54dbdcd
2025-11-29T15:00:06.9140935Z #5 extracting sha256:351447e6e3829fac25a761f87d07dc5bfc289f38908901d05fa53aaab54dbdcd done
2025-11-29T15:00:06.9143651Z #5 extracting sha256:eec8099d3f58ba87e25216a07db18b5a0de40b6921ee61ea8ab9b4c29b53a12f 0.0s done
2025-11-29T15:00:06.9145053Z #5 extracting sha256:cddc70a1cccef26d55fcf9242759c41404c305acea0b4c3a30961c99846a0a55
2025-11-29T15:00:07.0715709Z #5 extracting sha256:cddc70a1cccef26d55fcf9242759c41404c305acea0b4c3a30961c99846a0a55 0.0s done
2025-11-29T15:00:07.0716824Z #5 extracting sha256:36312d7930e0666f8cfc7940823ac101235e873b7cbb8b20d9481fd404095767 0.1s
2025-11-29T15:00:07.3937412Z #5 extracting sha256:36312d7930e0666f8cfc7940823ac101235e873b7cbb8b20d9481fd404095767 0.4s done
2025-11-29T15:00:07.3938679Z #5 extracting sha256:4a1fde1690fe113870084a3224c66554fc9cbd2310abb9593b0244ec21f4b76d
2025-11-29T15:00:07.5463843Z #5 extracting sha256:4a1fde1690fe113870084a3224c66554fc9cbd2310abb9593b0244ec21f4b76d done
2025-11-29T15:00:07.5465954Z #5 extracting sha256:8023cb51985fccd3faa4be6340cdc75b72240277850569aa974767dda5176159 done
2025-11-29T15:00:07.5466978Z #5 extracting sha256:4836a863d60df9ca0cedad0eb5e729c4a7f755449fbfbd6d4ea6443e64c990e0 0.1s
2025-11-29T15:00:10.8237404Z #5 extracting sha256:4836a863d60df9ca0cedad0eb5e729c4a7f755449fbfbd6d4ea6443e64c990e0 3.2s done
2025-11-29T15:00:11.3270006Z #5 DONE 18.2s
2025-11-29T15:00:11.4905293Z 
2025-11-29T15:00:11.4905741Z #6 [2/2] COPY entrypoint.sh /entrypoint.sh
2025-11-29T15:00:11.4906229Z #6 DONE 0.0s
2025-11-29T15:00:11.4906405Z 
2025-11-29T15:00:11.4906538Z #7 exporting to image
2025-11-29T15:00:11.4906862Z #7 exporting layers
2025-11-29T15:00:12.5180017Z #7 exporting layers 1.2s done
2025-11-29T15:00:12.5417862Z #7 writing image sha256:da40ea1fc55ff37870fd426e7f6652e128c044b3ba68ce2472b8b1f5972648f6 done
2025-11-29T15:00:12.5418997Z #7 naming to docker.io/library/bcb17a:6dcb255b522949228338b3e4392fe8de done
2025-11-29T15:00:12.5420173Z #7 DONE 1.2s
2025-11-29T15:00:12.5470371Z ##[endgroup]
2025-11-29T15:00:12.5718823Z ##[group]Run actions/checkout@v4
2025-11-29T15:00:12.5719357Z with:
2025-11-29T15:00:12.5719572Z   repository: ECONEURA-EMPRESA/ECONEURA-GO
2025-11-29T15:00:12.5719980Z   token: ***
2025-11-29T15:00:12.5720165Z   ssh-strict: true
2025-11-29T15:00:12.5720343Z   ssh-user: git
2025-11-29T15:00:12.5720533Z   persist-credentials: true
2025-11-29T15:00:12.5720738Z   clean: true
2025-11-29T15:00:12.5720933Z   sparse-checkout-cone-mode: true
2025-11-29T15:00:12.5721159Z   fetch-depth: 1
2025-11-29T15:00:12.5721335Z   fetch-tags: false
2025-11-29T15:00:12.5721522Z   show-progress: true
2025-11-29T15:00:12.5721700Z   lfs: false
2025-11-29T15:00:12.5721868Z   submodules: false
2025-11-29T15:00:12.5722054Z   set-safe-directory: true
2025-11-29T15:00:12.5722427Z ##[endgroup]
2025-11-29T15:00:12.6772856Z Syncing repository: ECONEURA-EMPRESA/ECONEURA-GO
2025-11-29T15:00:12.6774071Z ##[group]Getting Git version info
2025-11-29T15:00:12.6774499Z Working directory is '/home/runner/work/ECONEURA-GO/ECONEURA-GO'
2025-11-29T15:00:12.6775044Z [command]/usr/bin/git version
2025-11-29T15:00:12.6791867Z git version 2.51.2
2025-11-29T15:00:12.6818075Z ##[endgroup]
2025-11-29T15:00:12.6831501Z Temporarily overriding HOME='/home/runner/work/_temp/ccb1118b-1a74-4d58-a828-888d0ea77998' before making global git config changes
2025-11-29T15:00:12.6832218Z Adding repository directory to the temporary git global config as a safe directory
2025-11-29T15:00:12.6843484Z [command]/usr/bin/git config --global --add safe.directory /home/runner/work/ECONEURA-GO/ECONEURA-GO
2025-11-29T15:00:12.6882411Z Deleting the contents of '/home/runner/work/ECONEURA-GO/ECONEURA-GO'
2025-11-29T15:00:12.6885967Z ##[group]Initializing the repository
2025-11-29T15:00:12.6890700Z [command]/usr/bin/git init /home/runner/work/ECONEURA-GO/ECONEURA-GO
2025-11-29T15:00:12.7005971Z hint: Using 'master' as the name for the initial branch. This default branch name
2025-11-29T15:00:12.7006973Z hint: is subject to change. To configure the initial branch name to use in all
2025-11-29T15:00:12.7008015Z hint: of your new repositories, which will suppress this warning, call:
2025-11-29T15:00:12.7008366Z hint:
2025-11-29T15:00:12.7008644Z hint: 	git config --global init.defaultBranch <name>
2025-11-29T15:00:12.7009277Z hint:
2025-11-29T15:00:12.7009852Z hint: Names commonly chosen instead of 'master' are 'main', 'trunk' and
2025-11-29T15:00:12.7010443Z hint: 'development'. The just-created branch can be renamed via this command:
2025-11-29T15:00:12.7010810Z hint:
2025-11-29T15:00:12.7011121Z hint: 	git branch -m <name>
2025-11-29T15:00:12.7011513Z hint:
2025-11-29T15:00:12.7012080Z hint: Disable this message with "git config set advice.defaultBranchName false"
2025-11-29T15:00:12.7013110Z Initialized empty Git repository in /home/runner/work/ECONEURA-GO/ECONEURA-GO/.git/
2025-11-29T15:00:12.7022311Z [command]/usr/bin/git remote add origin https://github.com/ECONEURA-EMPRESA/ECONEURA-GO
2025-11-29T15:00:12.7054434Z ##[endgroup]
2025-11-29T15:00:12.7055083Z ##[group]Disabling automatic garbage collection
2025-11-29T15:00:12.7059624Z [command]/usr/bin/git config --local gc.auto 0
2025-11-29T15:00:12.7086770Z ##[endgroup]
2025-11-29T15:00:12.7087377Z ##[group]Setting up auth
2025-11-29T15:00:12.7094390Z [command]/usr/bin/git config --local --name-only --get-regexp core\.sshCommand
2025-11-29T15:00:12.7123896Z [command]/usr/bin/git submodule foreach --recursive sh -c "git config --local --name-only --get-regexp 'core\.sshCommand' && git config --local --unset-all 'core.sshCommand' || :"
2025-11-29T15:00:12.7471177Z [command]/usr/bin/git config --local --name-only --get-regexp http\.https\:\/\/github\.com\/\.extraheader
2025-11-29T15:00:12.7500073Z [command]/usr/bin/git submodule foreach --recursive sh -c "git config --local --name-only --get-regexp 'http\.https\:\/\/github\.com\/\.extraheader' && git config --local --unset-all 'http.https://github.com/.extraheader' || :"
2025-11-29T15:00:12.7716722Z [command]/usr/bin/git config --local --name-only --get-regexp ^includeIf\.gitdir:
2025-11-29T15:00:12.7747121Z [command]/usr/bin/git submodule foreach --recursive git config --local --show-origin --name-only --get-regexp remote.origin.url
2025-11-29T15:00:12.7966863Z [command]/usr/bin/git config --local http.https://github.com/.extraheader AUTHORIZATION: basic ***
2025-11-29T15:00:12.7999612Z ##[endgroup]
2025-11-29T15:00:12.8000267Z ##[group]Fetching the repository
2025-11-29T15:00:12.8008526Z [command]/usr/bin/git -c protocol.version=2 fetch --no-tags --prune --no-recurse-submodules --depth=1 origin +9b0b00baf9280b6a7db2bfd6b1a942bd3781993f:refs/remotes/origin/main
2025-11-29T15:00:13.9892319Z From https://github.com/ECONEURA-EMPRESA/ECONEURA-GO
2025-11-29T15:00:13.9893275Z  * [new ref]         9b0b00baf9280b6a7db2bfd6b1a942bd3781993f -> origin/main
2025-11-29T15:00:13.9966650Z ##[endgroup]
2025-11-29T15:00:13.9967083Z ##[group]Determining the checkout info
2025-11-29T15:00:13.9969444Z ##[endgroup]
2025-11-29T15:00:13.9974293Z [command]/usr/bin/git sparse-checkout disable
2025-11-29T15:00:14.0012077Z [command]/usr/bin/git config --local --unset-all extensions.worktreeConfig
2025-11-29T15:00:14.0037299Z ##[group]Checking out the ref
2025-11-29T15:00:14.0041788Z [command]/usr/bin/git checkout --progress --force -B main refs/remotes/origin/main
2025-11-29T15:00:14.1313343Z Switched to a new branch 'main'
2025-11-29T15:00:14.1314566Z branch 'main' set up to track 'origin/main'.
2025-11-29T15:00:14.1330631Z ##[endgroup]
2025-11-29T15:00:14.1369407Z [command]/usr/bin/git log -1 --format=%H
2025-11-29T15:00:14.1391071Z 9b0b00baf9280b6a7db2bfd6b1a942bd3781993f
2025-11-29T15:00:14.1602991Z ##[group]Run actions/setup-node@v4
2025-11-29T15:00:14.1603252Z with:
2025-11-29T15:00:14.1603421Z   node-version: 20
2025-11-29T15:00:14.1603610Z   cache: npm
2025-11-29T15:00:14.1603778Z   always-auth: false
2025-11-29T15:00:14.1603973Z   check-latest: false
2025-11-29T15:00:14.1604276Z   token: ***
2025-11-29T15:00:14.1604445Z ##[endgroup]
2025-11-29T15:00:14.3718695Z Found in cache @ /opt/hostedtoolcache/node/20.19.5/x64
2025-11-29T15:00:14.3725876Z ##[group]Environment details
2025-11-29T15:00:16.3582605Z node: v20.19.5
2025-11-29T15:00:16.3582842Z npm: 10.8.2
2025-11-29T15:00:16.3583013Z yarn: 1.22.22
2025-11-29T15:00:16.3584154Z ##[endgroup]
2025-11-29T15:00:16.3605089Z [command]/opt/hostedtoolcache/node/20.19.5/x64/bin/npm config get cache
2025-11-29T15:00:16.6132138Z /home/runner/.npm
2025-11-29T15:00:16.9030124Z Cache hit for: node-cache-Linux-x64-npm-8caa1747b02b9575ba30c2177b94686b55ebfce4790e6735468efa53b744b388
2025-11-29T15:00:18.2058470Z Received 4194304 of 116021934 (3.6%), 4.0 MBs/sec
2025-11-29T15:00:19.2052398Z Received 113246208 of 116021934 (97.6%), 54.0 MBs/sec
2025-11-29T15:00:19.4934965Z Received 116021934 of 116021934 (100.0%), 48.4 MBs/sec
2025-11-29T15:00:19.4935640Z Cache Size: ~111 MB (116021934 B)
2025-11-29T15:00:19.5018562Z [command]/usr/bin/tar -xf /home/runner/work/_temp/bdf86ade-20e2-4616-ab75-ae4a45a106e9/cache.tzst -P -C /home/runner/work/ECONEURA-GO/ECONEURA-GO --use-compress-program unzstd
2025-11-29T15:00:19.8405447Z Cache restored successfully
2025-11-29T15:00:19.8627362Z Cache restored from key: node-cache-Linux-x64-npm-8caa1747b02b9575ba30c2177b94686b55ebfce4790e6735468efa53b744b388
2025-11-29T15:00:19.8771643Z ##[group]Run npm ci
2025-11-29T15:00:19.8771904Z [36;1mnpm ci[0m
2025-11-29T15:00:19.8815977Z shell: /usr/bin/bash -e {0}
2025-11-29T15:00:19.8816231Z ##[endgroup]
2025-11-29T15:00:25.3835738Z npm warn deprecated @types/winston@2.4.4: This is a stub types definition. winston provides its own type definitions, so you do not need this installed.
2025-11-29T15:00:25.3853547Z npm warn deprecated @types/express-rate-limit@6.0.2: This is a stub types definition. express-rate-limit provides its own type definitions, so you do not need this installed.
2025-11-29T15:00:25.4268243Z npm warn deprecated inflight@1.0.6: This module is not supported, and leaks memory. Do not use it. Check out lru-cache if you want a good and tested way to coalesce async requests by a key value, which is much more comprehensive and powerful.
2025-11-29T15:00:25.7675345Z npm warn deprecated glob@7.2.3: Glob versions prior to v9 are no longer supported
2025-11-29T15:00:32.4146638Z 
2025-11-29T15:00:32.4149506Z added 1187 packages, and audited 1192 packages in 12s
2025-11-29T15:00:32.4149980Z 
2025-11-29T15:00:32.4150268Z 310 packages are looking for funding
2025-11-29T15:00:32.4150801Z   run `npm fund` for details
2025-11-29T15:00:32.4161725Z 
2025-11-29T15:00:32.4162082Z found 0 vulnerabilities
2025-11-29T15:00:32.4951244Z ##[group]Run npx turbo run build --filter=@econeura/web...
2025-11-29T15:00:32.4951668Z [36;1mnpx turbo run build --filter=@econeura/web...[0m
2025-11-29T15:00:32.4984447Z shell: /usr/bin/bash -e {0}
2025-11-29T15:00:32.4984681Z ##[endgroup]
2025-11-29T15:00:32.8584530Z 
2025-11-29T15:00:32.8585015Z Attention:
2025-11-29T15:00:32.8585756Z Turborepo now collects completely anonymous telemetry regarding usage.
2025-11-29T15:00:32.8586762Z This information is used to shape the Turborepo roadmap and prioritize features.
2025-11-29T15:00:32.8588324Z You can learn more, including how to opt-out if you'd not like to participate in this anonymous program, by visiting the following URL:
2025-11-29T15:00:32.8589155Z https://turborepo.com/docs/telemetry
2025-11-29T15:00:32.8589398Z 
2025-11-29T15:00:32.9083938Z • Packages in scope: @econeura/config, @econeura/shared, @econeura/web
2025-11-29T15:00:32.9084770Z • Running build in 3 packages
2025-11-29T15:00:32.9085371Z • Remote caching disabled
2025-11-29T15:00:34.4895140Z ##[group]@econeura/shared:build
2025-11-29T15:00:34.4895905Z cache miss, executing cf595fe561044f67
2025-11-29T15:00:34.4896227Z 
2025-11-29T15:00:34.4896370Z > @econeura/shared@0.0.1 build
2025-11-29T15:00:34.4896611Z > tsc
2025-11-29T15:00:34.4896778Z 
2025-11-29T15:00:34.4897119Z ##[endgroup]
2025-11-29T15:00:42.0491898Z ##[group]@econeura/web:build
2025-11-29T15:00:42.0492623Z cache miss, executing 107b230afc49038c
2025-11-29T15:00:42.0492954Z 
2025-11-29T15:00:42.0493173Z > @econeura/web@0.0.1 build
2025-11-29T15:00:42.0493840Z > npx vite build
2025-11-29T15:00:42.0494037Z 
2025-11-29T15:00:42.0494810Z [36mvite v7.2.4 [32mbuilding client environment for production...[36m[39m
2025-11-29T15:00:42.0495383Z transforming...
2025-11-29T15:00:42.0496150Z [32m✓[39m 3286 modules transformed.
2025-11-29T15:00:42.0496622Z rendering chunks...
2025-11-29T15:00:42.0496996Z computing gzip size...
2025-11-29T15:00:42.0497821Z [2mdist/[22m[32mindex.html                       [39m[1m[2m  1.45 kB[22m[1m[22m[2m │ gzip:   0.65 kB[22m
2025-11-29T15:00:42.0498994Z [2mdist/[22m[2massets/[22m[35mindex-Ce_qUYwa.css        [39m[1m[2m 18.66 kB[22m[1m[22m[2m │ gzip:   3.79 kB[22m
2025-11-29T15:00:42.0499897Z [2mdist/[22m[2massets/[22m[36mreact-vendor-B6_PLOK3.js  [39m[1m[2m 44.41 kB[22m[1m[22m[2m │ gzip:  16.02 kB[22m
2025-11-29T15:00:42.0500774Z [2mdist/[22m[2massets/[22m[36mui-vendor-gAipy2Zs.js     [39m[1m[2m133.81 kB[22m[1m[22m[2m │ gzip:  44.88 kB[22m
2025-11-29T15:00:42.0501606Z [2mdist/[22m[2massets/[22m[36mclient-C73EbFQ4.js        [39m[1m[2m180.88 kB[22m[1m[22m[2m │ gzip:  56.88 kB[22m
2025-11-29T15:00:42.0502496Z [2mdist/[22m[2massets/[22m[36mindex-DKpi7P3R.js         [39m[1m[2m257.08 kB[22m[1m[22m[2m │ gzip:  85.08 kB[22m
2025-11-29T15:00:42.0503296Z [2mdist/[22m[2massets/[22m[36mApp-CsdfdHT3.js           [39m[1m[33m797.30 kB[39m[22m[2m │ gzip: 232.39 kB[22m
2025-11-29T15:00:42.0503719Z [33m
2025-11-29T15:00:42.0504081Z (!) Some chunks are larger than 600 kB after minification. Consider:
2025-11-29T15:00:42.0504535Z - Using dynamic import() to code-split the application
2025-11-29T15:00:42.0505313Z - Use build.rollupOptions.output.manualChunks to improve chunking: https://rollupjs.org/configuration-options/#output-manualchunks
2025-11-29T15:00:42.0506155Z - Adjust chunk size limit for this warning via build.chunkSizeWarningLimit.[39m
2025-11-29T15:00:42.0506577Z [32m✓ built in 6.83s[39m
2025-11-29T15:00:42.0506946Z ##[endgroup]
2025-11-29T15:00:42.0507900Z 
2025-11-29T15:00:42.0508128Z  Tasks:    2 successful, 2 total
2025-11-29T15:00:42.0508582Z Cached:    0 cached, 2 total
2025-11-29T15:00:42.0508960Z   Time:    9.171s 
2025-11-29T15:00:42.0509106Z 
2025-11-29T15:00:42.0971087Z ##[group]Run Azure/static-web-apps-deploy@v1
2025-11-29T15:00:42.0971388Z with:
2025-11-29T15:00:42.0972098Z   azure_static_web_apps_api_token: ***
2025-11-29T15:00:42.0972492Z   repo_token: ***
2025-11-29T15:00:42.0972686Z   action: upload
2025-11-29T15:00:42.0972896Z   app_location: packages/frontend/dist
2025-11-29T15:00:42.0973147Z   skip_app_build: true
2025-11-29T15:00:42.0973344Z ##[endgroup]
2025-11-29T15:00:42.1074443Z ##[command]/usr/bin/docker run --name bcb17a6dcb255b522949228338b3e4392fe8de_904314 --label bcb17a --workdir /github/workspace --rm -e "INPUT_AZURE_STATIC_WEB_APPS_API_TOKEN" -e "INPUT_REPO_TOKEN" -e "INPUT_ACTION" -e "INPUT_APP_LOCATION" -e "INPUT_SKIP_APP_BUILD" -e "INPUT_API_BUILD_COMMAND" -e "INPUT_API_LOCATION" -e "INPUT_APP_ARTIFACT_LOCATION" -e "INPUT_OUTPUT_LOCATION" -e "INPUT_APP_BUILD_COMMAND" -e "INPUT_ROUTES_LOCATION" -e "INPUT_CONFIG_FILE_LOCATION" -e "INPUT_SKIP_API_BUILD" -e "INPUT_PRODUCTION_BRANCH" -e "INPUT_DEPLOYMENT_ENVIRONMENT" -e "INPUT_IS_STATIC_EXPORT" -e "INPUT_DATA_API_LOCATION" -e "INPUT_GITHUB_ID_TOKEN" -e "HOME" -e "GITHUB_JOB" -e "GITHUB_REF" -e "GITHUB_SHA" -e "GITHUB_REPOSITORY" -e "GITHUB_REPOSITORY_OWNER" -e "GITHUB_REPOSITORY_OWNER_ID" -e "GITHUB_RUN_ID" -e "GITHUB_RUN_NUMBER" -e "GITHUB_RETENTION_DAYS" -e "GITHUB_RUN_ATTEMPT" -e "GITHUB_ACTOR_ID" -e "GITHUB_ACTOR" -e "GITHUB_WORKFLOW" -e "GITHUB_HEAD_REF" -e "GITHUB_BASE_REF" -e "GITHUB_EVENT_NAME" -e "GITHUB_SERVER_URL" -e "GITHUB_API_URL" -e "GITHUB_GRAPHQL_URL" -e "GITHUB_REF_NAME" -e "GITHUB_REF_PROTECTED" -e "GITHUB_REF_TYPE" -e "GITHUB_WORKFLOW_REF" -e "GITHUB_WORKFLOW_SHA" -e "GITHUB_REPOSITORY_ID" -e "GITHUB_TRIGGERING_ACTOR" -e "GITHUB_WORKSPACE" -e "GITHUB_ACTION" -e "GITHUB_EVENT_PATH" -e "GITHUB_ACTION_REPOSITORY" -e "GITHUB_ACTION_REF" -e "GITHUB_PATH" -e "GITHUB_ENV" -e "GITHUB_STEP_SUMMARY" -e "GITHUB_STATE" -e "GITHUB_OUTPUT" -e "RUNNER_OS" -e "RUNNER_ARCH" -e "RUNNER_NAME" -e "RUNNER_ENVIRONMENT" -e "RUNNER_TOOL_CACHE" -e "RUNNER_TEMP" -e "RUNNER_WORKSPACE" -e "ACTIONS_RUNTIME_URL" -e "ACTIONS_RUNTIME_TOKEN" -e "ACTIONS_CACHE_URL" -e "ACTIONS_ID_TOKEN_REQUEST_URL" -e "ACTIONS_ID_TOKEN_REQUEST_TOKEN" -e "ACTIONS_RESULTS_URL" -e GITHUB_ACTIONS=true -e CI=true -v "/var/run/docker.sock":"/var/run/docker.sock" -v "/home/runner/work/_temp":"/github/runner_temp" -v "/home/runner/work/_temp/_github_home":"/github/home" -v "/home/runner/work/_temp/_github_workflow":"/github/workflow" -v "/home/runner/work/_temp/_runner_file_commands":"/github/file_commands" -v "/home/runner/work/ECONEURA-GO/ECONEURA-GO":"/github/workspace" bcb17a:6dcb255b522949228338b3e4392fe8de
2025-11-29T15:00:44.2480408Z DeploymentId: 08c8c467-60a6-4fbf-bb73-0626fd425fdd
2025-11-29T15:00:44.2480910Z 
2025-11-29T15:00:44.3640183Z [37mTry to validate location at: '/github/workspace/packages/frontend/dist'.[0m
2025-11-29T15:00:44.3651880Z [37mApp Directory Location: 'packages/frontend/dist' was found.[0m
2025-11-29T15:00:44.3653059Z [37mTry to validate location at: '/github/workspace/swa-db-connections'.[0m
2025-11-29T15:00:44.3654111Z [37mLooking for event info[0m
2025-11-29T15:00:45.3514655Z [37mSkipping step to build /github/workspace/packages/frontend/dist with Oryx[0m
2025-11-29T15:00:45.3761670Z [37mNo Api directory specified. Azure Functions will not be created.[0m
2025-11-29T15:00:45.3923053Z [33mEither no Api directory was specified, or the specified directory was not found. Azure Functions will not be created.[0m
2025-11-29T15:00:46.3970919Z [37mZipping App Artifacts[0m
2025-11-29T15:00:46.6653162Z [37mDone Zipping App Artifacts[0m
2025-11-29T15:00:46.6654542Z [37mUploading build artifacts.[0m
2025-11-29T15:00:51.0819360Z [32mFinished Upload. Polling on deployment.[0m
2025-11-29T15:00:51.3768249Z [37mStatus: InProgress. Time: 0.2926458(s)[0m
2025-11-29T15:01:06.6345596Z [37mStatus: Succeeded. Time: 15.5524396(s)[0m
2025-11-29T15:01:06.6346548Z [32mDeployment Complete :)[0m
2025-11-29T15:01:06.6348351Z [32mVisit your site at: https://yellow-meadow-004e16d03.3.azurestaticapps.net[0m
2025-11-29T15:01:06.7902628Z [37mThanks for using Azure Static Web Apps![0m
2025-11-29T15:01:06.7903271Z [37mExiting[0m
2025-11-29T15:01:06.8998816Z Post job cleanup.
2025-11-29T15:01:07.0511903Z Cache hit occurred on the primary key node-cache-Linux-x64-npm-8caa1747b02b9575ba30c2177b94686b55ebfce4790e6735468efa53b744b388, not saving cache.
2025-11-29T15:01:07.0609260Z Post job cleanup.
2025-11-29T15:01:07.1540941Z [command]/usr/bin/git version
2025-11-29T15:01:07.1575666Z git version 2.51.2
2025-11-29T15:01:07.1619029Z Temporarily overriding HOME='/home/runner/work/_temp/0fe66162-2f74-472e-bbc9-5067e12fe34e' before making global git config changes
2025-11-29T15:01:07.1620517Z Adding repository directory to the temporary git global config as a safe directory
2025-11-29T15:01:07.1625949Z [command]/usr/bin/git config --global --add safe.directory /home/runner/work/ECONEURA-GO/ECONEURA-GO
2025-11-29T15:01:07.1660946Z [command]/usr/bin/git config --local --name-only --get-regexp core\.sshCommand
2025-11-29T15:01:07.1693361Z [command]/usr/bin/git submodule foreach --recursive sh -c "git config --local --name-only --get-regexp 'core\.sshCommand' && git config --local --unset-all 'core.sshCommand' || :"
2025-11-29T15:01:07.1916586Z [command]/usr/bin/git config --local --name-only --get-regexp http\.https\:\/\/github\.com\/\.extraheader
2025-11-29T15:01:07.1936058Z http.https://github.com/.extraheader
2025-11-29T15:01:07.1949101Z [command]/usr/bin/git config --local --unset-all http.https://github.com/.extraheader
2025-11-29T15:01:07.1981642Z [command]/usr/bin/git submodule foreach --recursive sh -c "git config --local --name-only --get-regexp 'http\.https\:\/\/github\.com\/\.extraheader' && git config --local --unset-all 'http.https://github.com/.extraheader' || :"
2025-11-29T15:01:07.2222167Z [command]/usr/bin/git config --local --name-only --get-regexp ^includeIf\.gitdir:
2025-11-29T15:01:07.2255713Z [command]/usr/bin/git submodule foreach --recursive git config --local --show-origin --name-only --get-regexp remote.origin.url
2025-11-29T15:01:07.2602791Z Cleaning up orphan processes
