2025-11-29T09:43:57.6906415Z Current runner version: '2.329.0'
2025-11-29T09:43:57.6940330Z ##[group]Runner Image Provisioner
2025-11-29T09:43:57.6941597Z Hosted Compute Agent
2025-11-29T09:43:57.6942362Z Version: 20251016.436
2025-11-29T09:43:57.6943338Z Commit: 8ab8ac8bfd662a3739dab9fe09456aba92132568
2025-11-29T09:43:57.6944341Z Build Date: 2025-10-15T20:44:12Z
2025-11-29T09:43:57.6945219Z ##[endgroup]
2025-11-29T09:43:57.6946078Z ##[group]Operating System
2025-11-29T09:43:57.6946842Z Ubuntu
2025-11-29T09:43:57.6947493Z 24.04.3
2025-11-29T09:43:57.6948254Z LTS
2025-11-29T09:43:57.6949106Z ##[endgroup]
2025-11-29T09:43:57.6949835Z ##[group]Runner Image
2025-11-29T09:43:57.6950673Z Image: ubuntu-24.04
2025-11-29T09:43:57.6951476Z Version: 20251112.124.1
2025-11-29T09:43:57.6953022Z Included Software: https://github.com/actions/runner-images/blob/ubuntu24/20251112.124/images/ubuntu/Ubuntu2404-Readme.md
2025-11-29T09:43:57.6955500Z Image Release: https://github.com/actions/runner-images/releases/tag/ubuntu24%2F20251112.124
2025-11-29T09:43:57.6956990Z ##[endgroup]
2025-11-29T09:43:57.6958226Z ##[group]GITHUB_TOKEN Permissions
2025-11-29T09:43:57.6960444Z Contents: read
2025-11-29T09:43:57.6960975Z Metadata: read
2025-11-29T09:43:57.6961396Z ##[endgroup]
2025-11-29T09:43:57.6963274Z Secret source: Actions
2025-11-29T09:43:57.6964156Z Prepare workflow directory
2025-11-29T09:43:57.7357798Z Prepare all required actions
2025-11-29T09:43:57.7413894Z Getting action download info
2025-11-29T09:43:58.0017886Z Download action repository 'actions/checkout@v4' (SHA:34e114876b0b11c390a56381ad16ebd13914f8d5)
2025-11-29T09:43:58.4291904Z Download action repository 'actions/setup-node@v4' (SHA:49933ea5288caeca8642d1e84afbd3f7d6820020)
2025-11-29T09:43:58.5390488Z Download action repository 'Azure/static-web-apps-deploy@v1' (SHA:4d27395796ac319302594769cfe812bd207490b1)
2025-11-29T09:43:58.8361149Z Complete job name: Deploy Frontend
2025-11-29T09:43:58.8729704Z ##[group]Build container for action use: '/home/runner/work/_actions/Azure/static-web-apps-deploy/v1/Dockerfile'.
2025-11-29T09:43:58.8766385Z ##[command]/usr/bin/docker build -t c60a97:bd38e50bd01e432fb70efa6a5bfc73b3 -f "/home/runner/work/_actions/Azure/static-web-apps-deploy/v1/Dockerfile" "/home/runner/work/_actions/Azure/static-web-apps-deploy/v1"
2025-11-29T09:44:00.8372959Z #0 building with "default" instance using docker driver
2025-11-29T09:44:00.8375429Z 
2025-11-29T09:44:00.8375856Z #1 [internal] load build definition from Dockerfile
2025-11-29T09:44:00.8376595Z #1 transferring dockerfile: 160B done
2025-11-29T09:44:00.8377177Z #1 DONE 0.0s
2025-11-29T09:44:00.8377411Z 
2025-11-29T09:44:00.8377866Z #2 [internal] load metadata for mcr.microsoft.com/appsvc/staticappsclient:stable
2025-11-29T09:44:00.8378629Z #2 DONE 0.1s
2025-11-29T09:44:00.9626928Z 
2025-11-29T09:44:00.9627702Z #3 [internal] load .dockerignore
2025-11-29T09:44:00.9629110Z #3 transferring context: 2B done
2025-11-29T09:44:00.9629703Z #3 DONE 0.0s
2025-11-29T09:44:00.9629989Z 
2025-11-29T09:44:00.9630296Z #4 [internal] load build context
2025-11-29T09:44:00.9630934Z #4 transferring context: 107B done
2025-11-29T09:44:00.9631585Z #4 DONE 0.0s
2025-11-29T09:44:00.9631852Z 
2025-11-29T09:44:00.9632785Z #5 [1/2] FROM mcr.microsoft.com/appsvc/staticappsclient:stable@sha256:3178a283e885dc45a0c7b4c6e9f728f0331ae7fb93de75db4181fa38651170f2
2025-11-29T09:44:00.9634580Z #5 resolve mcr.microsoft.com/appsvc/staticappsclient:stable@sha256:3178a283e885dc45a0c7b4c6e9f728f0331ae7fb93de75db4181fa38651170f2 done
2025-11-29T09:44:00.9636202Z #5 sha256:5ee26b7a209f9a26720207792b237af3e19c0efeed8695e1e630fcd0feef9230 8.39MB / 54.75MB 0.1s
2025-11-29T09:44:00.9637577Z #5 sha256:1df8e0748f30e89b0c0477edfc706fc39242e1d6008433c0494113de267e7ca8 15.34kB / 15.34kB done
2025-11-29T09:44:00.9638963Z #5 sha256:5d6e107a26c2ffb6e234f04132358dea70a691a64c1152f984d2f2ba0e218c58 22.02MB / 53.74MB 0.1s
2025-11-29T09:44:00.9639974Z #5 sha256:3178a283e885dc45a0c7b4c6e9f728f0331ae7fb93de75db4181fa38651170f2 2.88kB / 2.88kB done
2025-11-29T09:44:00.9641067Z #5 sha256:2377065f3b700cf1b5e391d26c572c8b91892dd44acd75deebdab5e403b23175 12.26MB / 15.56MB 0.1s
2025-11-29T09:44:01.0637508Z #5 sha256:2377065f3b700cf1b5e391d26c572c8b91892dd44acd75deebdab5e403b23175 15.56MB / 15.56MB 0.1s done
2025-11-29T09:44:01.0641109Z #5 sha256:41c7cd6fb37363fd1ec16dad3463ecc5820eda12c418a82b4849604252d29b88 19.92MB / 197.07MB 0.2s
2025-11-29T09:44:01.1825918Z #5 sha256:5ee26b7a209f9a26720207792b237af3e19c0efeed8695e1e630fcd0feef9230 54.75MB / 54.75MB 0.2s done
2025-11-29T09:44:01.1848881Z #5 sha256:5d6e107a26c2ffb6e234f04132358dea70a691a64c1152f984d2f2ba0e218c58 53.74MB / 53.74MB 0.2s done
2025-11-29T09:44:01.1870603Z #5 sha256:41c7cd6fb37363fd1ec16dad3463ecc5820eda12c418a82b4849604252d29b88 57.67MB / 197.07MB 0.3s
2025-11-29T09:44:01.1875756Z #5 extracting sha256:5d6e107a26c2ffb6e234f04132358dea70a691a64c1152f984d2f2ba0e218c58 0.1s
2025-11-29T09:44:01.1877929Z #5 sha256:c279a6399750ee20e802fb2c47da034ccee5eb4f3b89087f32618f10e8af074a 1.56MB / 1.56MB 0.3s done
2025-11-29T09:44:01.1880274Z #5 sha256:aede74d79976f9d1be608a1286cdb2ca61aad25185440263691db6a0880adadd 16.78MB / 24.46MB 0.3s
2025-11-29T09:44:01.1882240Z #5 sha256:ec0af1da0a0576de654092a28624c0565c6d854216944f18159460338af43293 0B / 72.99MB 0.3s
2025-11-29T09:44:01.1883460Z #5 sha256:4f4fb700ef54461cfa02571ae0db9a0dc1e0cdb5577484a6d75e68dc38e8acc1 32B / 32B 0.2s done
2025-11-29T09:44:01.2976617Z #5 sha256:41c7cd6fb37363fd1ec16dad3463ecc5820eda12c418a82b4849604252d29b88 94.37MB / 197.07MB 0.4s
2025-11-29T09:44:01.2985012Z #5 sha256:aede74d79976f9d1be608a1286cdb2ca61aad25185440263691db6a0880adadd 24.46MB / 24.46MB 0.3s done
2025-11-29T09:44:01.2987265Z #5 sha256:ec0af1da0a0576de654092a28624c0565c6d854216944f18159460338af43293 26.99MB / 72.99MB 0.4s
2025-11-29T09:44:01.2988849Z #5 sha256:351447e6e3829fac25a761f87d07dc5bfc289f38908901d05fa53aaab54dbdcd 115.52kB / 115.52kB 0.4s done
2025-11-29T09:44:01.2990590Z #5 sha256:eec8099d3f58ba87e25216a07db18b5a0de40b6921ee61ea8ab9b4c29b53a12f 1.16MB / 1.16MB 0.4s
2025-11-29T09:44:01.4629278Z #5 sha256:41c7cd6fb37363fd1ec16dad3463ecc5820eda12c418a82b4849604252d29b88 165.68MB / 197.07MB 0.6s
2025-11-29T09:44:01.4631017Z #5 sha256:ec0af1da0a0576de654092a28624c0565c6d854216944f18159460338af43293 72.99MB / 72.99MB 0.6s done
2025-11-29T09:44:01.4632414Z #5 sha256:eec8099d3f58ba87e25216a07db18b5a0de40b6921ee61ea8ab9b4c29b53a12f 1.16MB / 1.16MB 0.4s done
2025-11-29T09:44:01.4634725Z #5 sha256:cddc70a1cccef26d55fcf9242759c41404c305acea0b4c3a30961c99846a0a55 637.94kB / 637.94kB 0.4s done
2025-11-29T09:44:01.4636827Z #5 sha256:36312d7930e0666f8cfc7940823ac101235e873b7cbb8b20d9481fd404095767 35.20MB / 35.20MB 0.6s done
2025-11-29T09:44:01.4638323Z #5 sha256:4836a863d60df9ca0cedad0eb5e729c4a7f755449fbfbd6d4ea6443e64c990e0 0B / 118.65MB 0.6s
2025-11-29T09:44:01.4639744Z #5 sha256:4a1fde1690fe113870084a3224c66554fc9cbd2310abb9593b0244ec21f4b76d 168B / 168B 0.6s done
2025-11-29T09:44:01.4640969Z #5 sha256:8023cb51985fccd3faa4be6340cdc75b72240277850569aa974767dda5176159 0B / 168B 0.6s
2025-11-29T09:44:01.5626545Z #5 sha256:41c7cd6fb37363fd1ec16dad3463ecc5820eda12c418a82b4849604252d29b88 197.07MB / 197.07MB 0.7s
2025-11-29T09:44:01.5630422Z #5 sha256:4836a863d60df9ca0cedad0eb5e729c4a7f755449fbfbd6d4ea6443e64c990e0 29.36MB / 118.65MB 0.7s
2025-11-29T09:44:01.5631596Z #5 sha256:8023cb51985fccd3faa4be6340cdc75b72240277850569aa974767dda5176159 168B / 168B 0.6s done
2025-11-29T09:44:01.7662997Z #5 sha256:4836a863d60df9ca0cedad0eb5e729c4a7f755449fbfbd6d4ea6443e64c990e0 109.05MB / 118.65MB 0.9s
2025-11-29T09:44:01.9632924Z #5 sha256:41c7cd6fb37363fd1ec16dad3463ecc5820eda12c418a82b4849604252d29b88 197.07MB / 197.07MB 1.0s done
2025-11-29T09:44:01.9634528Z #5 sha256:4836a863d60df9ca0cedad0eb5e729c4a7f755449fbfbd6d4ea6443e64c990e0 118.65MB / 118.65MB 1.1s
2025-11-29T09:44:02.2404075Z #5 sha256:4836a863d60df9ca0cedad0eb5e729c4a7f755449fbfbd6d4ea6443e64c990e0 118.65MB / 118.65MB 1.3s done
2025-11-29T09:44:03.1162324Z #5 extracting sha256:5d6e107a26c2ffb6e234f04132358dea70a691a64c1152f984d2f2ba0e218c58 2.0s done
2025-11-29T09:44:03.1163029Z #5 extracting sha256:2377065f3b700cf1b5e391d26c572c8b91892dd44acd75deebdab5e403b23175
2025-11-29T09:44:03.5731157Z #5 extracting sha256:2377065f3b700cf1b5e391d26c572c8b91892dd44acd75deebdab5e403b23175 0.3s done
2025-11-29T09:44:03.6678085Z #5 extracting sha256:5ee26b7a209f9a26720207792b237af3e19c0efeed8695e1e630fcd0feef9230
2025-11-29T09:44:05.2695838Z #5 extracting sha256:5ee26b7a209f9a26720207792b237af3e19c0efeed8695e1e630fcd0feef9230 1.5s done
2025-11-29T09:44:05.3569791Z #5 extracting sha256:41c7cd6fb37363fd1ec16dad3463ecc5820eda12c418a82b4849604252d29b88
2025-11-29T09:44:09.1932052Z #5 extracting sha256:41c7cd6fb37363fd1ec16dad3463ecc5820eda12c418a82b4849604252d29b88 3.8s done
2025-11-29T09:44:10.3039653Z #5 extracting sha256:4f4fb700ef54461cfa02571ae0db9a0dc1e0cdb5577484a6d75e68dc38e8acc1
2025-11-29T09:44:10.4323996Z #5 extracting sha256:4f4fb700ef54461cfa02571ae0db9a0dc1e0cdb5577484a6d75e68dc38e8acc1 done
2025-11-29T09:44:10.4325008Z #5 extracting sha256:aede74d79976f9d1be608a1286cdb2ca61aad25185440263691db6a0880adadd 0.1s
2025-11-29T09:44:11.0370835Z #5 extracting sha256:aede74d79976f9d1be608a1286cdb2ca61aad25185440263691db6a0880adadd 0.6s done
2025-11-29T09:44:11.0372100Z #5 extracting sha256:c279a6399750ee20e802fb2c47da034ccee5eb4f3b89087f32618f10e8af074a 0.1s done
2025-11-29T09:44:11.1614931Z #5 extracting sha256:ec0af1da0a0576de654092a28624c0565c6d854216944f18159460338af43293 0.1s
2025-11-29T09:44:12.0668854Z #5 extracting sha256:ec0af1da0a0576de654092a28624c0565c6d854216944f18159460338af43293 0.9s done
2025-11-29T09:44:12.1094634Z #5 extracting sha256:351447e6e3829fac25a761f87d07dc5bfc289f38908901d05fa53aaab54dbdcd
2025-11-29T09:44:12.2302107Z #5 extracting sha256:351447e6e3829fac25a761f87d07dc5bfc289f38908901d05fa53aaab54dbdcd done
2025-11-29T09:44:12.2303235Z #5 extracting sha256:eec8099d3f58ba87e25216a07db18b5a0de40b6921ee61ea8ab9b4c29b53a12f 0.0s done
2025-11-29T09:44:12.2304791Z #5 extracting sha256:cddc70a1cccef26d55fcf9242759c41404c305acea0b4c3a30961c99846a0a55 0.0s done
2025-11-29T09:44:12.3541360Z #5 extracting sha256:36312d7930e0666f8cfc7940823ac101235e873b7cbb8b20d9481fd404095767 0.1s
2025-11-29T09:44:12.6741816Z #5 extracting sha256:36312d7930e0666f8cfc7940823ac101235e873b7cbb8b20d9481fd404095767 0.4s done
2025-11-29T09:44:12.6742937Z #5 extracting sha256:4a1fde1690fe113870084a3224c66554fc9cbd2310abb9593b0244ec21f4b76d done
2025-11-29T09:44:12.6744064Z #5 extracting sha256:8023cb51985fccd3faa4be6340cdc75b72240277850569aa974767dda5176159
2025-11-29T09:44:12.7952734Z #5 extracting sha256:8023cb51985fccd3faa4be6340cdc75b72240277850569aa974767dda5176159 done
2025-11-29T09:44:12.7953837Z #5 extracting sha256:4836a863d60df9ca0cedad0eb5e729c4a7f755449fbfbd6d4ea6443e64c990e0 0.1s
2025-11-29T09:44:15.5657612Z #5 extracting sha256:4836a863d60df9ca0cedad0eb5e729c4a7f755449fbfbd6d4ea6443e64c990e0 2.7s done
2025-11-29T09:44:16.0563123Z #5 DONE 15.2s
2025-11-29T09:44:16.2229540Z 
2025-11-29T09:44:16.2236195Z #6 [2/2] COPY entrypoint.sh /entrypoint.sh
2025-11-29T09:44:16.2237109Z #6 DONE 0.0s
2025-11-29T09:44:16.2237599Z 
2025-11-29T09:44:16.2238145Z #7 exporting to image
2025-11-29T09:44:16.2238921Z #7 exporting layers
2025-11-29T09:44:17.0040594Z #7 exporting layers 0.9s done
2025-11-29T09:44:17.0273325Z #7 writing image sha256:4ab37432963e4fd620b1205992cb334921bc3e72160c0f41bb34ac89049af380 done
2025-11-29T09:44:17.0274304Z #7 naming to docker.io/library/c60a97:bd38e50bd01e432fb70efa6a5bfc73b3 done
2025-11-29T09:44:17.0275102Z #7 DONE 0.9s
2025-11-29T09:44:17.0309899Z ##[endgroup]
2025-11-29T09:44:17.0664242Z ##[group]Run actions/checkout@v4
2025-11-29T09:44:17.0664699Z with:
2025-11-29T09:44:17.0664906Z   repository: ECONEURA-EMPRESA/ECONEURA-GO
2025-11-29T09:44:17.0665353Z   token: ***
2025-11-29T09:44:17.0665528Z   ssh-strict: true
2025-11-29T09:44:17.0665689Z   ssh-user: git
2025-11-29T09:44:17.0665878Z   persist-credentials: true
2025-11-29T09:44:17.0666084Z   clean: true
2025-11-29T09:44:17.0666285Z   sparse-checkout-cone-mode: true
2025-11-29T09:44:17.0666511Z   fetch-depth: 1
2025-11-29T09:44:17.0666685Z   fetch-tags: false
2025-11-29T09:44:17.0667032Z   show-progress: true
2025-11-29T09:44:17.0667212Z   lfs: false
2025-11-29T09:44:17.0667367Z   submodules: false
2025-11-29T09:44:17.0667545Z   set-safe-directory: true
2025-11-29T09:44:17.0667936Z ##[endgroup]
2025-11-29T09:44:17.1709696Z Syncing repository: ECONEURA-EMPRESA/ECONEURA-GO
2025-11-29T09:44:17.1711775Z ##[group]Getting Git version info
2025-11-29T09:44:17.1712474Z Working directory is '/home/runner/work/ECONEURA-GO/ECONEURA-GO'
2025-11-29T09:44:17.1713357Z [command]/usr/bin/git version
2025-11-29T09:44:17.1713685Z git version 2.51.2
2025-11-29T09:44:17.1726297Z ##[endgroup]
2025-11-29T09:44:17.1739920Z Temporarily overriding HOME='/home/runner/work/_temp/498b94f2-9ed2-44bb-9d9d-18484e060083' before making global git config changes
2025-11-29T09:44:17.1740682Z Adding repository directory to the temporary git global config as a safe directory
2025-11-29T09:44:17.1753294Z [command]/usr/bin/git config --global --add safe.directory /home/runner/work/ECONEURA-GO/ECONEURA-GO
2025-11-29T09:44:17.1784842Z Deleting the contents of '/home/runner/work/ECONEURA-GO/ECONEURA-GO'
2025-11-29T09:44:17.1787922Z ##[group]Initializing the repository
2025-11-29T09:44:17.1791897Z [command]/usr/bin/git init /home/runner/work/ECONEURA-GO/ECONEURA-GO
2025-11-29T09:44:17.1891057Z hint: Using 'master' as the name for the initial branch. This default branch name
2025-11-29T09:44:17.1891777Z hint: is subject to change. To configure the initial branch name to use in all
2025-11-29T09:44:17.1892477Z hint: of your new repositories, which will suppress this warning, call:
2025-11-29T09:44:17.1893025Z hint:
2025-11-29T09:44:17.1893421Z hint: 	git config --global init.defaultBranch <name>
2025-11-29T09:44:17.1893897Z hint:
2025-11-29T09:44:17.1894346Z hint: Names commonly chosen instead of 'master' are 'main', 'trunk' and
2025-11-29T09:44:17.1895054Z hint: 'development'. The just-created branch can be renamed via this command:
2025-11-29T09:44:17.1895548Z hint:
2025-11-29T09:44:17.1895735Z hint: 	git branch -m <name>
2025-11-29T09:44:17.1895932Z hint:
2025-11-29T09:44:17.1896232Z hint: Disable this message with "git config set advice.defaultBranchName false"
2025-11-29T09:44:17.1896684Z Initialized empty Git repository in /home/runner/work/ECONEURA-GO/ECONEURA-GO/.git/
2025-11-29T09:44:17.1904164Z [command]/usr/bin/git remote add origin https://github.com/ECONEURA-EMPRESA/ECONEURA-GO
2025-11-29T09:44:17.1933373Z ##[endgroup]
2025-11-29T09:44:17.1933750Z ##[group]Disabling automatic garbage collection
2025-11-29T09:44:17.1937538Z [command]/usr/bin/git config --local gc.auto 0
2025-11-29T09:44:17.1958773Z ##[endgroup]
2025-11-29T09:44:17.1959171Z ##[group]Setting up auth
2025-11-29T09:44:17.1965211Z [command]/usr/bin/git config --local --name-only --get-regexp core\.sshCommand
2025-11-29T09:44:17.1988859Z [command]/usr/bin/git submodule foreach --recursive sh -c "git config --local --name-only --get-regexp 'core\.sshCommand' && git config --local --unset-all 'core.sshCommand' || :"
2025-11-29T09:44:17.2286742Z [command]/usr/bin/git config --local --name-only --get-regexp http\.https\:\/\/github\.com\/\.extraheader
2025-11-29T09:44:17.2312600Z [command]/usr/bin/git submodule foreach --recursive sh -c "git config --local --name-only --get-regexp 'http\.https\:\/\/github\.com\/\.extraheader' && git config --local --unset-all 'http.https://github.com/.extraheader' || :"
2025-11-29T09:44:17.2476953Z [command]/usr/bin/git config --local --name-only --get-regexp ^includeIf\.gitdir:
2025-11-29T09:44:17.2509490Z [command]/usr/bin/git submodule foreach --recursive git config --local --show-origin --name-only --get-regexp remote.origin.url
2025-11-29T09:44:17.2678073Z [command]/usr/bin/git config --local http.https://github.com/.extraheader AUTHORIZATION: basic ***
2025-11-29T09:44:17.2703962Z ##[endgroup]
2025-11-29T09:44:17.2704559Z ##[group]Fetching the repository
2025-11-29T09:44:17.2712595Z [command]/usr/bin/git -c protocol.version=2 fetch --no-tags --prune --no-recurse-submodules --depth=1 origin +c5f493e5dd67f45519ade8e9d5260c5b00e9d5df:refs/remotes/origin/main
2025-11-29T09:44:17.8782257Z From https://github.com/ECONEURA-EMPRESA/ECONEURA-GO
2025-11-29T09:44:17.8783168Z  * [new ref]         c5f493e5dd67f45519ade8e9d5260c5b00e9d5df -> origin/main
2025-11-29T09:44:17.8809009Z ##[endgroup]
2025-11-29T09:44:17.8809574Z ##[group]Determining the checkout info
2025-11-29T09:44:17.8811908Z ##[endgroup]
2025-11-29T09:44:17.8816849Z [command]/usr/bin/git sparse-checkout disable
2025-11-29T09:44:17.8846495Z [command]/usr/bin/git config --local --unset-all extensions.worktreeConfig
2025-11-29T09:44:17.8871194Z ##[group]Checking out the ref
2025-11-29T09:44:17.8871884Z [command]/usr/bin/git checkout --progress --force -B main refs/remotes/origin/main
2025-11-29T09:44:17.9999490Z Switched to a new branch 'main'
2025-11-29T09:44:18.0000024Z branch 'main' set up to track 'origin/main'.
2025-11-29T09:44:18.0011078Z ##[endgroup]
2025-11-29T09:44:18.0045549Z [command]/usr/bin/git log -1 --format=%H
2025-11-29T09:44:18.0064212Z c5f493e5dd67f45519ade8e9d5260c5b00e9d5df
2025-11-29T09:44:18.0267301Z ##[group]Run actions/setup-node@v4
2025-11-29T09:44:18.0267540Z with:
2025-11-29T09:44:18.0267704Z   node-version: 20
2025-11-29T09:44:18.0267879Z   cache: npm
2025-11-29T09:44:18.0268040Z   always-auth: false
2025-11-29T09:44:18.0268227Z   check-latest: false
2025-11-29T09:44:18.0268546Z   token: ***
2025-11-29T09:44:18.0268913Z ##[endgroup]
2025-11-29T09:44:18.2252466Z Found in cache @ /opt/hostedtoolcache/node/20.19.5/x64
2025-11-29T09:44:18.2260353Z ##[group]Environment details
2025-11-29T09:44:20.7282691Z node: v20.19.5
2025-11-29T09:44:20.7283047Z npm: 10.8.2
2025-11-29T09:44:20.7283294Z yarn: 1.22.22
2025-11-29T09:44:20.7284502Z ##[endgroup]
2025-11-29T09:44:20.7303910Z [command]/opt/hostedtoolcache/node/20.19.5/x64/bin/npm config get cache
2025-11-29T09:44:20.9623032Z /home/runner/.npm
2025-11-29T09:44:21.0902015Z Cache hit for: node-cache-Linux-x64-npm-8caa1747b02b9575ba30c2177b94686b55ebfce4790e6735468efa53b744b388
2025-11-29T09:44:22.0877486Z Received 116021934 of 116021934 (100.0%), 127.3 MBs/sec
2025-11-29T09:44:22.0878014Z Cache Size: ~111 MB (116021934 B)
2025-11-29T09:44:22.0969043Z [command]/usr/bin/tar -xf /home/runner/work/_temp/a48e737b-d514-4609-923a-6c649de1cfa6/cache.tzst -P -C /home/runner/work/ECONEURA-GO/ECONEURA-GO --use-compress-program unzstd
2025-11-29T09:44:22.2967028Z Cache restored successfully
2025-11-29T09:44:22.3093462Z Cache restored from key: node-cache-Linux-x64-npm-8caa1747b02b9575ba30c2177b94686b55ebfce4790e6735468efa53b744b388
2025-11-29T09:44:22.3196345Z ##[group]Run npm ci
2025-11-29T09:44:22.3196630Z [36;1mnpm ci[0m
2025-11-29T09:44:22.3226761Z shell: /usr/bin/bash -e {0}
2025-11-29T09:44:22.3227014Z ##[endgroup]
2025-11-29T09:44:27.4059988Z npm warn deprecated @types/winston@2.4.4: This is a stub types definition. winston provides its own type definitions, so you do not need this installed.
2025-11-29T09:44:27.4062874Z npm warn deprecated @types/express-rate-limit@6.0.2: This is a stub types definition. express-rate-limit provides its own type definitions, so you do not need this installed.
2025-11-29T09:44:27.4442450Z npm warn deprecated inflight@1.0.6: This module is not supported, and leaks memory. Do not use it. Check out lru-cache if you want a good and tested way to coalesce async requests by a key value, which is much more comprehensive and powerful.
2025-11-29T09:44:27.6931004Z npm warn deprecated glob@7.2.3: Glob versions prior to v9 are no longer supported
2025-11-29T09:44:33.4135051Z 
2025-11-29T09:44:33.4136871Z added 1187 packages, and audited 1192 packages in 11s
2025-11-29T09:44:33.4138121Z 
2025-11-29T09:44:33.4138437Z 310 packages are looking for funding
2025-11-29T09:44:33.4139079Z   run `npm fund` for details
2025-11-29T09:44:33.4149306Z 
2025-11-29T09:44:33.4149816Z found 0 vulnerabilities
2025-11-29T09:44:33.4557031Z ##[group]Run npx turbo run build --filter=@econeura/web...
2025-11-29T09:44:33.4557429Z [36;1mnpx turbo run build --filter=@econeura/web...[0m
2025-11-29T09:44:33.4585232Z shell: /usr/bin/bash -e {0}
2025-11-29T09:44:33.4585492Z ##[endgroup]
2025-11-29T09:44:33.7745139Z 
2025-11-29T09:44:33.7745873Z Attention:
2025-11-29T09:44:33.7746503Z Turborepo now collects completely anonymous telemetry regarding usage.
2025-11-29T09:44:33.7747172Z This information is used to shape the Turborepo roadmap and prioritize features.
2025-11-29T09:44:33.7748223Z You can learn more, including how to opt-out if you'd not like to participate in this anonymous program, by visiting the following URL:
2025-11-29T09:44:33.7749183Z https://turborepo.com/docs/telemetry
2025-11-29T09:44:33.7749486Z 
2025-11-29T09:44:33.8186601Z • Packages in scope: @econeura/config, @econeura/shared, @econeura/web
2025-11-29T09:44:33.8187634Z • Running build in 3 packages
2025-11-29T09:44:33.8188354Z • Remote caching disabled
2025-11-29T09:44:35.2846293Z ##[group]@econeura/shared:build
2025-11-29T09:44:35.2846987Z cache miss, executing cf595fe561044f67
2025-11-29T09:44:35.2847294Z 
2025-11-29T09:44:35.2847544Z > @econeura/shared@0.0.1 build
2025-11-29T09:44:35.2847870Z > tsc
2025-11-29T09:44:35.2848013Z 
2025-11-29T09:44:35.2848342Z ##[endgroup]
2025-11-29T09:44:42.3440269Z ##[group]@econeura/web:build
2025-11-29T09:44:42.3440851Z cache miss, executing 107b230afc49038c
2025-11-29T09:44:42.3441044Z 
2025-11-29T09:44:42.3441196Z > @econeura/web@0.0.1 build
2025-11-29T09:44:42.3441437Z > npx vite build
2025-11-29T09:44:42.3441553Z 
2025-11-29T09:44:42.3442078Z [36mvite v7.2.4 [32mbuilding client environment for production...[36m[39m
2025-11-29T09:44:42.3442424Z transforming...
2025-11-29T09:44:42.3442965Z [32m✓[39m 3286 modules transformed.
2025-11-29T09:44:42.3443351Z rendering chunks...
2025-11-29T09:44:42.3443567Z computing gzip size...
2025-11-29T09:44:42.3444157Z [2mdist/[22m[32mindex.html                       [39m[1m[2m  1.45 kB[22m[1m[22m[2m │ gzip:   0.65 kB[22m
2025-11-29T09:44:42.3444899Z [2mdist/[22m[2massets/[22m[35mindex-Ce_qUYwa.css        [39m[1m[2m 18.66 kB[22m[1m[22m[2m │ gzip:   3.79 kB[22m
2025-11-29T09:44:42.3445694Z [2mdist/[22m[2massets/[22m[36mreact-vendor-B6_PLOK3.js  [39m[1m[2m 44.41 kB[22m[1m[22m[2m │ gzip:  16.02 kB[22m
2025-11-29T09:44:42.3446936Z [2mdist/[22m[2massets/[22m[36mui-vendor-gAipy2Zs.js     [39m[1m[2m133.81 kB[22m[1m[22m[2m │ gzip:  44.88 kB[22m
2025-11-29T09:44:42.3448321Z [2mdist/[22m[2massets/[22m[36mclient-C73EbFQ4.js        [39m[1m[2m180.88 kB[22m[1m[22m[2m │ gzip:  56.88 kB[22m
2025-11-29T09:44:42.3449970Z [2mdist/[22m[2massets/[22m[36mindex-DKpi7P3R.js         [39m[1m[2m257.08 kB[22m[1m[22m[2m │ gzip:  85.08 kB[22m
2025-11-29T09:44:42.3451314Z [2mdist/[22m[2massets/[22m[36mApp-CsdfdHT3.js           [39m[1m[33m797.30 kB[39m[22m[2m │ gzip: 232.39 kB[22m
2025-11-29T09:44:42.3452031Z [33m
2025-11-29T09:44:42.3452685Z (!) Some chunks are larger than 600 kB after minification. Consider:
2025-11-29T09:44:42.3453524Z - Using dynamic import() to code-split the application
2025-11-29T09:44:42.3454851Z - Use build.rollupOptions.output.manualChunks to improve chunking: https://rollupjs.org/configuration-options/#output-manualchunks
2025-11-29T09:44:42.3456322Z - Adjust chunk size limit for this warning via build.chunkSizeWarningLimit.[39m
2025-11-29T09:44:42.3457059Z [32m✓ built in 6.42s[39m
2025-11-29T09:44:42.3457718Z ##[endgroup]
2025-11-29T09:44:42.3460525Z 
2025-11-29T09:44:42.3460993Z  Tasks:    2 successful, 2 total
2025-11-29T09:44:42.3461510Z Cached:    0 cached, 2 total
2025-11-29T09:44:42.3461893Z   Time:    8.556s 
2025-11-29T09:44:42.3462091Z 
2025-11-29T09:44:42.3840841Z ##[group]Run Azure/static-web-apps-deploy@v1
2025-11-29T09:44:42.3841126Z with:
2025-11-29T09:44:42.3841799Z   azure_static_web_apps_api_token: ***
2025-11-29T09:44:42.3842157Z   repo_token: ***
2025-11-29T09:44:42.3842347Z   action: upload
2025-11-29T09:44:42.3842541Z   app_location: packages/frontend/dist
2025-11-29T09:44:42.3842775Z   skip_app_build: true
2025-11-29T09:44:42.3842974Z ##[endgroup]
2025-11-29T09:44:42.3948593Z ##[command]/usr/bin/docker run --name c60a97bd38e50bd01e432fb70efa6a5bfc73b3_e915d5 --label c60a97 --workdir /github/workspace --rm -e "INPUT_AZURE_STATIC_WEB_APPS_API_TOKEN" -e "INPUT_REPO_TOKEN" -e "INPUT_ACTION" -e "INPUT_APP_LOCATION" -e "INPUT_SKIP_APP_BUILD" -e "INPUT_API_BUILD_COMMAND" -e "INPUT_API_LOCATION" -e "INPUT_APP_ARTIFACT_LOCATION" -e "INPUT_OUTPUT_LOCATION" -e "INPUT_APP_BUILD_COMMAND" -e "INPUT_ROUTES_LOCATION" -e "INPUT_CONFIG_FILE_LOCATION" -e "INPUT_SKIP_API_BUILD" -e "INPUT_PRODUCTION_BRANCH" -e "INPUT_DEPLOYMENT_ENVIRONMENT" -e "INPUT_IS_STATIC_EXPORT" -e "INPUT_DATA_API_LOCATION" -e "INPUT_GITHUB_ID_TOKEN" -e "HOME" -e "GITHUB_JOB" -e "GITHUB_REF" -e "GITHUB_SHA" -e "GITHUB_REPOSITORY" -e "GITHUB_REPOSITORY_OWNER" -e "GITHUB_REPOSITORY_OWNER_ID" -e "GITHUB_RUN_ID" -e "GITHUB_RUN_NUMBER" -e "GITHUB_RETENTION_DAYS" -e "GITHUB_RUN_ATTEMPT" -e "GITHUB_ACTOR_ID" -e "GITHUB_ACTOR" -e "GITHUB_WORKFLOW" -e "GITHUB_HEAD_REF" -e "GITHUB_BASE_REF" -e "GITHUB_EVENT_NAME" -e "GITHUB_SERVER_URL" -e "GITHUB_API_URL" -e "GITHUB_GRAPHQL_URL" -e "GITHUB_REF_NAME" -e "GITHUB_REF_PROTECTED" -e "GITHUB_REF_TYPE" -e "GITHUB_WORKFLOW_REF" -e "GITHUB_WORKFLOW_SHA" -e "GITHUB_REPOSITORY_ID" -e "GITHUB_TRIGGERING_ACTOR" -e "GITHUB_WORKSPACE" -e "GITHUB_ACTION" -e "GITHUB_EVENT_PATH" -e "GITHUB_ACTION_REPOSITORY" -e "GITHUB_ACTION_REF" -e "GITHUB_PATH" -e "GITHUB_ENV" -e "GITHUB_STEP_SUMMARY" -e "GITHUB_STATE" -e "GITHUB_OUTPUT" -e "RUNNER_OS" -e "RUNNER_ARCH" -e "RUNNER_NAME" -e "RUNNER_ENVIRONMENT" -e "RUNNER_TOOL_CACHE" -e "RUNNER_TEMP" -e "RUNNER_WORKSPACE" -e "ACTIONS_RUNTIME_URL" -e "ACTIONS_RUNTIME_TOKEN" -e "ACTIONS_CACHE_URL" -e "ACTIONS_ID_TOKEN_REQUEST_URL" -e "ACTIONS_ID_TOKEN_REQUEST_TOKEN" -e "ACTIONS_RESULTS_URL" -e GITHUB_ACTIONS=true -e CI=true -v "/var/run/docker.sock":"/var/run/docker.sock" -v "/home/runner/work/_temp":"/github/runner_temp" -v "/home/runner/work/_temp/_github_home":"/github/home" -v "/home/runner/work/_temp/_github_workflow":"/github/workflow" -v "/home/runner/work/_temp/_runner_file_commands":"/github/file_commands" -v "/home/runner/work/ECONEURA-GO/ECONEURA-GO":"/github/workspace" c60a97:bd38e50bd01e432fb70efa6a5bfc73b3
2025-11-29T09:44:42.6785435Z DeploymentId: 770ce23f-f4e8-4406-ab59-e8cc40dc85c2
2025-11-29T09:44:42.6785840Z 
2025-11-29T09:44:42.7869217Z [37mTry to validate location at: '/github/workspace/packages/frontend/dist'.[0m
2025-11-29T09:44:42.7880588Z [37mApp Directory Location: 'packages/frontend/dist' was found.[0m
2025-11-29T09:44:42.7881196Z [37mTry to validate location at: '/github/workspace/swa-db-connections'.[0m
2025-11-29T09:44:42.7883090Z [37mLooking for event info[0m
2025-11-29T09:44:43.5073844Z [37mSkipping step to build /github/workspace/packages/frontend/dist with Oryx[0m
2025-11-29T09:44:43.5321052Z [37mNo Api directory specified. Azure Functions will not be created.[0m
2025-11-29T09:44:43.5486290Z [33mEither no Api directory was specified, or the specified directory was not found. Azure Functions will not be created.[0m
2025-11-29T09:44:44.4741170Z [37mZipping App Artifacts[0m
2025-11-29T09:44:44.7263206Z [37mDone Zipping App Artifacts[0m
2025-11-29T09:44:44.7265602Z [37mUploading build artifacts.[0m
2025-11-29T09:44:46.7983196Z [32mFinished Upload. Polling on deployment.[0m
2025-11-29T09:44:47.2646813Z [37mStatus: InProgress. Time: 0.4637869(s)[0m
2025-11-29T09:45:05.6901678Z [37mStatus: InProgress. Time: 18.8916701(s)[0m
2025-11-29T09:45:20.9281502Z [37mStatus: Succeeded. Time: 34.1295953(s)[0m
2025-11-29T09:45:20.9282670Z [32mDeployment Complete :)[0m
2025-11-29T09:45:20.9284702Z [32mVisit your site at: https://yellow-meadow-004e16d03.3.azurestaticapps.net[0m
2025-11-29T09:45:21.0355385Z [37mThanks for using Azure Static Web Apps![0m
2025-11-29T09:45:21.0355991Z [37mExiting[0m
2025-11-29T09:45:21.1252656Z Post job cleanup.
2025-11-29T09:45:21.2675692Z Cache hit occurred on the primary key node-cache-Linux-x64-npm-8caa1747b02b9575ba30c2177b94686b55ebfce4790e6735468efa53b744b388, not saving cache.
2025-11-29T09:45:21.2760534Z Post job cleanup.
2025-11-29T09:45:21.3636152Z [command]/usr/bin/git version
2025-11-29T09:45:21.3667466Z git version 2.51.2
2025-11-29T09:45:21.3705915Z Temporarily overriding HOME='/home/runner/work/_temp/241b5b28-7a2c-4128-af0d-40022da106a7' before making global git config changes
2025-11-29T09:45:21.3707288Z Adding repository directory to the temporary git global config as a safe directory
2025-11-29T09:45:21.3712471Z [command]/usr/bin/git config --global --add safe.directory /home/runner/work/ECONEURA-GO/ECONEURA-GO
2025-11-29T09:45:21.3743108Z [command]/usr/bin/git config --local --name-only --get-regexp core\.sshCommand
2025-11-29T09:45:21.3770699Z [command]/usr/bin/git submodule foreach --recursive sh -c "git config --local --name-only --get-regexp 'core\.sshCommand' && git config --local --unset-all 'core.sshCommand' || :"
2025-11-29T09:45:21.3948635Z [command]/usr/bin/git config --local --name-only --get-regexp http\.https\:\/\/github\.com\/\.extraheader
2025-11-29T09:45:21.3966025Z http.https://github.com/.extraheader
2025-11-29T09:45:21.3976933Z [command]/usr/bin/git config --local --unset-all http.https://github.com/.extraheader
2025-11-29T09:45:21.4001406Z [command]/usr/bin/git submodule foreach --recursive sh -c "git config --local --name-only --get-regexp 'http\.https\:\/\/github\.com\/\.extraheader' && git config --local --unset-all 'http.https://github.com/.extraheader' || :"
2025-11-29T09:45:21.4167618Z [command]/usr/bin/git config --local --name-only --get-regexp ^includeIf\.gitdir:
2025-11-29T09:45:21.4192816Z [command]/usr/bin/git submodule foreach --recursive git config --local --show-origin --name-only --get-regexp remote.origin.url
2025-11-29T09:45:21.4471898Z Cleaning up orphan processes
